Archive member included to satisfy reference by file (symbol)

/home/psicontrol/st/stm32cubeide_1.16.0_2/plugins/com.st.stm32cube.ide.mcu.externaltools.gnu-tools-for-stm32.12.3.rel1.linux64_1.0.200.202406132123/tools/bin/../lib/gcc/arm-none-eabi/12.3.1/../../../../arm-none-eabi/lib/thumb/v8-m.main+fp/hard/libc_nano.a(libc_a-exit.o)
                              /home/psicontrol/st/stm32cubeide_1.16.0_2/plugins/com.st.stm32cube.ide.mcu.externaltools.gnu-tools-for-stm32.12.3.rel1.linux64_1.0.200.202406132123/tools/bin/../lib/gcc/arm-none-eabi/12.3.1/../../../../arm-none-eabi/lib/thumb/v8-m.main+fp/hard/crt0.o (exit)
/home/psicontrol/st/stm32cubeide_1.16.0_2/plugins/com.st.stm32cube.ide.mcu.externaltools.gnu-tools-for-stm32.12.3.rel1.linux64_1.0.200.202406132123/tools/bin/../lib/gcc/arm-none-eabi/12.3.1/../../../../arm-none-eabi/lib/thumb/v8-m.main+fp/hard/libc_nano.a(libc_a-findfp.o)
                              /home/psicontrol/st/stm32cubeide_1.16.0_2/plugins/com.st.stm32cube.ide.mcu.externaltools.gnu-tools-for-stm32.12.3.rel1.linux64_1.0.200.202406132123/tools/bin/../lib/gcc/arm-none-eabi/12.3.1/../../../../arm-none-eabi/lib/thumb/v8-m.main+fp/hard/libc_nano.a(libc_a-exit.o) (__stdio_exit_handler)
/home/psicontrol/st/stm32cubeide_1.16.0_2/plugins/com.st.stm32cube.ide.mcu.externaltools.gnu-tools-for-stm32.12.3.rel1.linux64_1.0.200.202406132123/tools/bin/../lib/gcc/arm-none-eabi/12.3.1/../../../../arm-none-eabi/lib/thumb/v8-m.main+fp/hard/libc_nano.a(libc_a-fwalk.o)
                              /home/psicontrol/st/stm32cubeide_1.16.0_2/plugins/com.st.stm32cube.ide.mcu.externaltools.gnu-tools-for-stm32.12.3.rel1.linux64_1.0.200.202406132123/tools/bin/../lib/gcc/arm-none-eabi/12.3.1/../../../../arm-none-eabi/lib/thumb/v8-m.main+fp/hard/libc_nano.a(libc_a-findfp.o) (_fwalk_sglue)
/home/psicontrol/st/stm32cubeide_1.16.0_2/plugins/com.st.stm32cube.ide.mcu.externaltools.gnu-tools-for-stm32.12.3.rel1.linux64_1.0.200.202406132123/tools/bin/../lib/gcc/arm-none-eabi/12.3.1/../../../../arm-none-eabi/lib/thumb/v8-m.main+fp/hard/libc_nano.a(libc_a-stdio.o)
                              /home/psicontrol/st/stm32cubeide_1.16.0_2/plugins/com.st.stm32cube.ide.mcu.externaltools.gnu-tools-for-stm32.12.3.rel1.linux64_1.0.200.202406132123/tools/bin/../lib/gcc/arm-none-eabi/12.3.1/../../../../arm-none-eabi/lib/thumb/v8-m.main+fp/hard/libc_nano.a(libc_a-findfp.o) (__sread)
/home/psicontrol/st/stm32cubeide_1.16.0_2/plugins/com.st.stm32cube.ide.mcu.externaltools.gnu-tools-for-stm32.12.3.rel1.linux64_1.0.200.202406132123/tools/bin/../lib/gcc/arm-none-eabi/12.3.1/../../../../arm-none-eabi/lib/thumb/v8-m.main+fp/hard/libc_nano.a(libc_a-memmove.o)
                              Drivers/STM32U5xx_HAL_Driver/Src/stm32u5xx_hal_dma_ex.o (memmove)
/home/psicontrol/st/stm32cubeide_1.16.0_2/plugins/com.st.stm32cube.ide.mcu.externaltools.gnu-tools-for-stm32.12.3.rel1.linux64_1.0.200.202406132123/tools/bin/../lib/gcc/arm-none-eabi/12.3.1/../../../../arm-none-eabi/lib/thumb/v8-m.main+fp/hard/libc_nano.a(libc_a-memset.o)
                              /home/psicontrol/st/stm32cubeide_1.16.0_2/plugins/com.st.stm32cube.ide.mcu.externaltools.gnu-tools-for-stm32.12.3.rel1.linux64_1.0.200.202406132123/tools/bin/../lib/gcc/arm-none-eabi/12.3.1/../../../../arm-none-eabi/lib/thumb/v8-m.main+fp/hard/crt0.o (memset)
/home/psicontrol/st/stm32cubeide_1.16.0_2/plugins/com.st.stm32cube.ide.mcu.externaltools.gnu-tools-for-stm32.12.3.rel1.linux64_1.0.200.202406132123/tools/bin/../lib/gcc/arm-none-eabi/12.3.1/../../../../arm-none-eabi/lib/thumb/v8-m.main+fp/hard/libc_nano.a(libc_a-closer.o)
                              /home/psicontrol/st/stm32cubeide_1.16.0_2/plugins/com.st.stm32cube.ide.mcu.externaltools.gnu-tools-for-stm32.12.3.rel1.linux64_1.0.200.202406132123/tools/bin/../lib/gcc/arm-none-eabi/12.3.1/../../../../arm-none-eabi/lib/thumb/v8-m.main+fp/hard/libc_nano.a(libc_a-stdio.o) (_close_r)
/home/psicontrol/st/stm32cubeide_1.16.0_2/plugins/com.st.stm32cube.ide.mcu.externaltools.gnu-tools-for-stm32.12.3.rel1.linux64_1.0.200.202406132123/tools/bin/../lib/gcc/arm-none-eabi/12.3.1/../../../../arm-none-eabi/lib/thumb/v8-m.main+fp/hard/libc_nano.a(libc_a-reent.o)
                              /home/psicontrol/st/stm32cubeide_1.16.0_2/plugins/com.st.stm32cube.ide.mcu.externaltools.gnu-tools-for-stm32.12.3.rel1.linux64_1.0.200.202406132123/tools/bin/../lib/gcc/arm-none-eabi/12.3.1/../../../../arm-none-eabi/lib/thumb/v8-m.main+fp/hard/libc_nano.a(libc_a-closer.o) (errno)
/home/psicontrol/st/stm32cubeide_1.16.0_2/plugins/com.st.stm32cube.ide.mcu.externaltools.gnu-tools-for-stm32.12.3.rel1.linux64_1.0.200.202406132123/tools/bin/../lib/gcc/arm-none-eabi/12.3.1/../../../../arm-none-eabi/lib/thumb/v8-m.main+fp/hard/libc_nano.a(libc_a-impure.o)
[...]
Memory Configuration

Name             Origin             Length             Attributes
RAM              0x20000000         0x000c0000         xrw
SRAM4            0x28000000         0x00004000         xrw
FLASH            0x08000000         0x00200000         xr
*default*        0x00000000         0xffffffff

Linker script and memory map

LOAD /home/psicontrol/st/stm32cubeide_1.16.0_2/plugins/com.st.stm32cube.ide.mcu.externaltools.gnu-tools-for-stm32.12.3.rel1.linux64_1.0.200.202406132123/tools/bin/../lib/gcc/arm-none-eabi/12.3.1/thumb/v8-m.main+fp/hard/crti.o
LOAD /home/psicontrol/st/stm32cubeide_1.16.0_2/plugins/com.st.stm32cube.ide.mcu.externaltools.gnu-tools-for-stm32.12.3.rel1.linux64_1.0.200.202406132123/tools/bin/../lib/gcc/arm-none-eabi/12.3.1/thumb/v8-m.main+fp/hard/crtbegin.o
LOAD /home/psicontrol/st/stm32cubeide_1.16.0_2/plugins/com.st.stm32cube.ide.mcu.externaltools.gnu-tools-for-stm32.12.3.rel1.linux64_1.0.200.202406132123/tools/bin/../lib/gcc/arm-none-eabi/12.3.1/../../../../arm-none-eabi/lib/thumb/v8-m.main+fp/hard/crt0.o
LOAD Core/Src/main.o
LOAD Core/Src/stm32u5xx_hal_msp.o
LOAD Core/Src/stm32u5xx_it.o
LOAD Core/Src/syscalls.o
LOAD Core/Src/sysmem.o
LOAD Core/Src/system_stm32u5xx.o
LOAD Core/Startup/startup_stm32u575zitxq.o
LOAD Drivers/STM32U5xx_HAL_Driver/Src/stm32u5xx_hal.o
LOAD Drivers/STM32U5xx_HAL_Driver/Src/stm32u5xx_hal_cortex.o
LOAD Drivers/STM32U5xx_HAL_Driver/Src/stm32u5xx_hal_dma.o
LOAD Drivers/STM32U5xx_HAL_Driver/Src/stm32u5xx_hal_dma_ex.o
LOAD Drivers/STM32U5xx_HAL_Driver/Src/stm32u5xx_hal_exti.o
LOAD Drivers/STM32U5xx_HAL_Driver/Src/stm32u5xx_hal_flash.o
LOAD Drivers/STM32U5xx_HAL_Driver/Src/stm32u5xx_hal_flash_ex.o
LOAD Drivers/STM32U5xx_HAL_Driver/Src/stm32u5xx_hal_gpio.o
LOAD Drivers/STM32U5xx_HAL_Driver/Src/stm32u5xx_hal_gtzc.o
LOAD Drivers/STM32U5xx_HAL_Driver/Src/stm32u5xx_hal_i2c.o
LOAD Drivers/STM32U5xx_HAL_Driver/Src/stm32u5xx_hal_i2c_ex.o
LOAD Drivers/STM32U5xx_HAL_Driver/Src/stm32u5xx_hal_icache.o
LOAD Drivers/STM32U5xx_HAL_Driver/Src/stm32u5xx_hal_pwr.o
LOAD Drivers/STM32U5xx_HAL_Driver/Src/stm32u5xx_hal_pwr_ex.o
LOAD Drivers/STM32U5xx_HAL_Driver/Src/stm32u5xx_hal_rcc.o
LOAD Drivers/STM32U5xx_HAL_Driver/Src/stm32u5xx_hal_rcc_ex.o
LOAD Drivers/STM32U5xx_HAL_Driver/Src/stm32u5xx_hal_tim.o
LOAD Drivers/STM32U5xx_HAL_Driver/Src/stm32u5xx_hal_tim_ex.o
START GROUP
LOAD /home/psicontrol/st/stm32cubeide_1.16.0_2/plugins/com.st.stm32cube.ide.mcu.externaltools.gnu-tools-for-stm32.12.3.rel1.linux64_1.0.200.202406132123/tools/bin/../lib/gcc/arm-none-eabi/12.3.1/../../../../arm-none-eabi/lib/thumb/v8-m.main+fp/hard/libc_nano.a
LOAD /home/psicontrol/st/stm32cubeide_1.16.0_2/plugins/com.st.stm32cube.ide.mcu.externaltools.gnu-tools-for-stm32.12.3.rel1.linux64_1.0.200.202406132123/tools/bin/../lib/gcc/arm-none-eabi/12.3.1/../../../../arm-none-eabi/lib/thumb/v8-m.main+fp/hard/libm.a
END GROUP
START GROUP
LOAD /home/psicontrol/st/stm32cubeide_1.16.0_2/plugins/com.st.stm32cube.ide.mcu.externaltools.gnu-tools-for-stm32.12.3.rel1.linux64_1.0.200.202406132123/tools/bin/../lib/gcc/arm-none-eabi/12.3.1/thumb/v8-m.main+fp/hard/libgcc.a
LOAD /home/psicontrol/st/stm32cubeide_1.16.0_2/plugins/com.st.stm32cube.ide.mcu.externaltools.gnu-tools-for-stm32.12.3.rel1.linux64_1.0.200.202406132123/tools/bin/../lib/gcc/arm-none-eabi/12.3.1/../../../../arm-none-eabi/lib/thumb/v8-m.main+fp/hard/libc_nano.a
END GROUP
START GROUP
LOAD /home/psicontrol/st/stm32cubeide_1.16.0_2/plugins/com.st.stm32cube.ide.mcu.externaltools.gnu-tools-for-stm32.12.3.rel1.linux64_1.0.200.202406132123/tools/bin/../lib/gcc/arm-none-eabi/12.3.1/thumb/v8-m.main+fp/hard/libgcc.a
LOAD /home/psicontrol/st/stm32cubeide_1.16.0_2/plugins/com.st.stm32cube.ide.mcu.externaltools.gnu-tools-for-stm32.12.3.rel1.linux64_1.0.200.202406132123/tools/bin/../lib/gcc/arm-none-eabi/12.3.1/../../../../arm-none-eabi/lib/thumb/v8-m.main+fp/hard/libc_nano.a
LOAD /home/psicontrol/st/stm32cubeide_1.16.0_2/plugins/com.st.stm32cube.ide.mcu.externaltools.gnu-tools-for-stm32.12.3.rel1.linux64_1.0.200.202406132123/tools/bin/../lib/gcc/arm-none-eabi/12.3.1/../../../../arm-none-eabi/lib/thumb/v8-m.main+fp/hard/libnosys.a
END GROUP
START GROUP
LOAD /home/psicontrol/st/stm32cubeide_1.16.0_2/plugins/com.st.stm32cube.ide.mcu.externaltools.gnu-tools-for-stm32.12.3.rel1.linux64_1.0.200.202406132123/tools/bin/../lib/gcc/arm-none-eabi/12.3.1/thumb/v8-m.main+fp/hard/libgcc.a
LOAD /home/psicontrol/st/stm32cubeide_1.16.0_2/plugins/com.st.stm32cube.ide.mcu.externaltools.gnu-tools-for-stm32.12.3.rel1.linux64_1.0.200.202406132123/tools/bin/../lib/gcc/arm-none-eabi/12.3.1/../../../../arm-none-eabi/lib/thumb/v8-m.main+fp/hard/libc_nano.a
LOAD /home/psicontrol/st/stm32cubeide_1.16.0_2/plugins/com.st.stm32cube.ide.mcu.externaltools.gnu-tools-for-stm32.12.3.rel1.linux64_1.0.200.202406132123/tools/bin/../lib/gcc/arm-none-eabi/12.3.1/../../../../arm-none-eabi/lib/thumb/v8-m.main+fp/hard/libnosys.a
END GROUP
LOAD /home/psicontrol/st/stm32cubeide_1.16.0_2/plugins/com.st.stm32cube.ide.mcu.externaltools.gnu-tools-for-stm32.12.3.rel1.linux64_1.0.200.202406132123/tools/bin/../lib/gcc/arm-none-eabi/12.3.1/thumb/v8-m.main+fp/hard/crtend.o
LOAD /home/psicontrol/st/stm32cubeide_1.16.0_2/plugins/com.st.stm32cube.ide.mcu.externaltools.gnu-tools-for-stm32.12.3.rel1.linux64_1.0.200.202406132123/tools/bin/../lib/gcc/arm-none-eabi/12.3.1/thumb/v8-m.main+fp/hard/crtn.o
                0x200c0000                        _estack = (ORIGIN (RAM) + LENGTH (RAM))
                0x00000200                        _Min_Heap_Size = 0x200
                0x00000400                        _Min_Stack_Size = 0x400

.isr_vector     0x08000000      0x238
 *(.isr_vector)
 .isr_vector    0x08000000      0x238 Core/Startup/startup_stm32u575zitxq.o
                0x08000000                g_pfnVectors

.text           0x08000238     0x1cd4
 *(.text)
 .text          0x08000238       0x40 /home/psicontrol/st/stm32cubeide_1.16.0_2/plugins/com.st.stm32cube.ide.mcu.externaltools.gnu-tools-for-stm32.12.3.rel1.linux64_1.0.200.202406132123/tools/bin/../lib/gcc/arm-none-eabi/12.3.1/thumb/v8-m.main+fp/hard/crtbegin.o
 *(.text*)
 .text.SystemClock_Config
                0x08000278       0x98 Core/Src/main.o
                0x08000278                SystemClock_Config
 .text.startup.main
                0x08000310      0x100 Core/Src/main.o
                0x08000310                main
 .text.HAL_MspInit
                0x08000410       0x24 Core/Src/stm32u5xx_hal_msp.o
                0x08000410                HAL_MspInit
 .text.HAL_TIM_Base_MspInit
                0x08000434       0x30 Core/Src/stm32u5xx_hal_msp.o
                0x08000434                HAL_TIM_Base_MspInit
 .text.NMI_Handler
                0x08000464        0x4 Core/Src/stm32u5xx_it.o
                0x08000464                NMI_Handler
 .text.HardFault_Handler
                0x08000468        0x4 Core/Src/stm32u5xx_it.o
                0x08000468                HardFault_Handler
 .text.MemManage_Handler
                0x0800046c        0x4 Core/Src/stm32u5xx_it.o
                0x0800046c                MemManage_Handler
 .text.BusFault_Handler
                0x08000470        0x4 Core/Src/stm32u5xx_it.o
                0x08000470                BusFault_Handler
 .text.UsageFault_Handler
                0x08000474        0x4 Core/Src/stm32u5xx_it.o
                0x08000474                UsageFault_Handler
 .text.SVC_Handler
                0x08000478        0x4 Core/Src/stm32u5xx_it.o
                0x08000478                SVC_Handler
 .text.DebugMon_Handler
                0x0800047c        0x4 Core/Src/stm32u5xx_it.o
                0x0800047c                DebugMon_Handler
 .text.PendSV_Handler
                0x08000480        0x4 Core/Src/stm32u5xx_it.o
                0x08000480                PendSV_Handler
 .text.SysTick_Handler
                0x08000484        0x4 Core/Src/stm32u5xx_it.o
                0x08000484                SysTick_Handler
 .text.EXTI13_IRQHandler
                0x08000488       0x38 Core/Src/stm32u5xx_it.o
                0x08000488                EXTI13_IRQHandler
 .text.SystemInit
                0x080004c0       0x4c Core/Src/system_stm32u5xx.o
                0x080004c0                SystemInit
 .text.Reset_Handler
                0x0800050c       0x50 Core/Startup/startup_stm32u575zitxq.o
                0x0800050c                Reset_Handler
 .text.Default_Handler
                0x0800055c        0x2 Core/Startup/startup_stm32u575zitxq.o
                0x0800055c                EXTI2_IRQHandler
                0x0800055c                TIM8_TRG_COM_IRQHandler
                0x0800055c                TIM8_CC_IRQHandler
                0x0800055c                EXTI5_IRQHandler
                0x0800055c                FLASH_S_IRQHandler
                0x0800055c                TIM1_CC_IRQHandler
                0x0800055c                TSC_IRQHandler
                0x0800055c                TAMP_IRQHandler
                0x0800055c                TIM6_IRQHandler
                0x0800055c                EXTI12_IRQHandler
                0x0800055c                CORDIC_IRQHandler
                0x0800055c                EXTI3_IRQHandler
                0x0800055c                LPTIM4_IRQHandler
                0x0800055c                GPDMA1_Channel5_IRQHandler
                0x0800055c                EXTI8_IRQHandler
                0x0800055c                LPTIM2_IRQHandler
                0x0800055c                I2C3_ER_IRQHandler
                0x0800055c                PWR_S3WU_IRQHandler
                0x0800055c                MDF1_FLT2_IRQHandler
                0x0800055c                LPDMA1_Channel3_IRQHandler
                0x0800055c                LPTIM3_IRQHandler
                0x0800055c                EXTI0_IRQHandler
                0x0800055c                I2C2_EV_IRQHandler
                0x0800055c                FPU_IRQHandler
                0x0800055c                GPDMA1_Channel3_IRQHandler
                0x0800055c                GPDMA1_Channel7_IRQHandler
                0x0800055c                MDF1_FLT4_IRQHandler
                0x0800055c                FDCAN1_IT1_IRQHandler
                0x0800055c                RAMCFG_IRQHandler
                0x0800055c                GPDMA1_Channel9_IRQHandler
                0x0800055c                DCACHE1_IRQHandler
                0x0800055c                SPI1_IRQHandler
                0x0800055c                OCTOSPI1_IRQHandler
                0x0800055c                GPDMA1_Channel2_IRQHandler
                0x0800055c                TIM8_UP_IRQHandler
                0x0800055c                RCC_S_IRQHandler
                0x0800055c                OCTOSPI2_IRQHandler
                0x0800055c                SAI2_IRQHandler
                0x0800055c                MDF1_FLT1_IRQHandler
                0x0800055c                ADC1_IRQHandler
                0x0800055c                MDF1_FLT5_IRQHandler
                0x0800055c                EXTI15_IRQHandler
                0x0800055c                TIM17_IRQHandler
                0x0800055c                USART3_IRQHandler
                0x0800055c                RTC_IRQHandler
                0x0800055c                EXTI9_IRQHandler
                0x0800055c                UART5_IRQHandler
                0x0800055c                TIM4_IRQHandler
                0x0800055c                I2C1_EV_IRQHandler
                0x0800055c                GPDMA1_Channel12_IRQHandler
                0x0800055c                GPDMA1_Channel1_IRQHandler
                0x0800055c                TIM16_IRQHandler
                0x0800055c                GPDMA1_Channel15_IRQHandler
                0x0800055c                UART4_IRQHandler
                0x0800055c                SecureFault_Handler
                0x0800055c                TIM3_IRQHandler
                0x0800055c                RCC_IRQHandler
                0x0800055c                TIM1_TRG_COM_IRQHandler
                0x0800055c                Default_Handler
                0x0800055c                GPDMA1_Channel8_IRQHandler
                0x0800055c                FMAC_IRQHandler
                0x0800055c                GPDMA1_Channel11_IRQHandler
                0x0800055c                TIM7_IRQHandler
                0x0800055c                SDMMC1_IRQHandler
                0x0800055c                TIM5_IRQHandler
                0x0800055c                UCPD1_IRQHandler
                0x0800055c                GPDMA1_Channel0_IRQHandler
                0x0800055c                TIM15_IRQHandler
                0x0800055c                I2C3_EV_IRQHandler
                0x0800055c                LPDMA1_Channel0_IRQHandler
                0x0800055c                PVD_PVM_IRQHandler
                0x0800055c                SPI2_IRQHandler
                0x0800055c                LPDMA1_Channel1_IRQHandler
                0x0800055c                EXTI14_IRQHandler
                0x0800055c                EXTI11_IRQHandler
                0x0800055c                CRS_IRQHandler
                0x0800055c                GPDMA1_Channel14_IRQHandler
                0x0800055c                LSECSSD_IRQHandler
                0x0800055c                EXTI4_IRQHandler
                0x0800055c                RTC_S_IRQHandler
                0x0800055c                GPDMA1_Channel13_IRQHandler
                0x0800055c                RNG_IRQHandler
                0x0800055c                COMP_IRQHandler
                0x0800055c                TIM1_UP_IRQHandler
                0x0800055c                ADC4_IRQHandler
                0x0800055c                WWDG_IRQHandler
                0x0800055c                I2C4_EV_IRQHandler
                0x0800055c                ADF1_IRQHandler
                0x0800055c                IWDG_IRQHandler
                0x0800055c                LPUART1_IRQHandler
                0x0800055c                MDF1_FLT0_IRQHandler
                0x0800055c                FDCAN1_IT0_IRQHandler
                0x0800055c                TIM2_IRQHandler
                0x0800055c                GPDMA1_Channel4_IRQHandler
                0x0800055c                EXTI7_IRQHandler
                0x0800055c                DMA2D_IRQHandler
                0x0800055c                TIM1_BRK_IRQHandler
                0x0800055c                EXTI1_IRQHandler
                0x0800055c                SDMMC2_IRQHandler
                0x0800055c                DAC1_IRQHandler
                0x0800055c                GTZC_IRQHandler
                0x0800055c                MDF1_FLT3_IRQHandler
                0x0800055c                USART2_IRQHandler
                0x0800055c                GPDMA1_Channel6_IRQHandler
                0x0800055c                I2C2_ER_IRQHandler
                0x0800055c                TIM8_BRK_IRQHandler
                0x0800055c                FLASH_IRQHandler
                0x0800055c                USART1_IRQHandler
                0x0800055c                EXTI10_IRQHandler
                0x0800055c                OTG_FS_IRQHandler
                0x0800055c                SPI3_IRQHandler
                0x0800055c                LPDMA1_Channel2_IRQHandler
                0x0800055c                I2C1_ER_IRQHandler
                0x0800055c                FMC_IRQHandler
                0x0800055c                EXTI6_IRQHandler
                0x0800055c                LPTIM1_IRQHandler
                0x0800055c                DCMI_PSSI_IRQHandler
                0x0800055c                I2C4_ER_IRQHandler
                0x0800055c                GPDMA1_Channel10_IRQHandler
                0x0800055c                ICACHE_IRQHandler
                0x0800055c                SAI1_IRQHandler
                0x0800055c                HASH_IRQHandler
 *fill*         0x0800055e        0x2 
 .text.HAL_InitTick
                0x08000560       0xa0 Drivers/STM32U5xx_HAL_Driver/Src/stm32u5xx_hal.o
                0x08000560                HAL_InitTick
 .text.HAL_Init
                0x08000600       0x58 Drivers/STM32U5xx_HAL_Driver/Src/stm32u5xx_hal.o
                0x08000600                HAL_Init
 .text.HAL_IncTick
                0x08000658       0x18 Drivers/STM32U5xx_HAL_Driver/Src/stm32u5xx_hal.o
                0x08000658                HAL_IncTick
 .text.HAL_GetTick
                0x08000670        0xc Drivers/STM32U5xx_HAL_Driver/Src/stm32u5xx_hal.o
                0x08000670                HAL_GetTick
 .text.HAL_NVIC_SetPriorityGrouping
                0x0800067c       0x24 Drivers/STM32U5xx_HAL_Driver/Src/stm32u5xx_hal_cortex.o
                0x0800067c                HAL_NVIC_SetPriorityGrouping
 .text.HAL_NVIC_SetPriority
                0x080006a0       0x78 Drivers/STM32U5xx_HAL_Driver/Src/stm32u5xx_hal_cortex.o
                0x080006a0                HAL_NVIC_SetPriority
 .text.HAL_NVIC_EnableIRQ
                0x08000718       0x1c Drivers/STM32U5xx_HAL_Driver/Src/stm32u5xx_hal_cortex.o
                0x08000718                HAL_NVIC_EnableIRQ
 .text.HAL_SYSTICK_Config
                0x08000734       0x20 Drivers/STM32U5xx_HAL_Driver/Src/stm32u5xx_hal_cortex.o
                0x08000734                HAL_SYSTICK_Config
 .text.HAL_SYSTICK_CLKSourceConfig
                0x08000754       0x7c Drivers/STM32U5xx_HAL_Driver/Src/stm32u5xx_hal_cortex.o
                0x08000754                HAL_SYSTICK_CLKSourceConfig
 .text.HAL_SYSTICK_GetCLKSourceConfig
                0x080007d0       0x34 Drivers/STM32U5xx_HAL_Driver/Src/stm32u5xx_hal_cortex.o
                0x080007d0                HAL_SYSTICK_GetCLKSourceConfig
 .text.HAL_GPIO_Init
                0x08000804      0x208 Drivers/STM32U5xx_HAL_Driver/Src/stm32u5xx_hal_gpio.o
                0x08000804                HAL_GPIO_Init
 .text.HAL_GPIO_ReadPin
                0x08000a0c        0xc Drivers/STM32U5xx_HAL_Driver/Src/stm32u5xx_hal_gpio.o
                0x08000a0c                HAL_GPIO_ReadPin
 .text.HAL_GPIO_WritePin
                0x08000a18        0xc Drivers/STM32U5xx_HAL_Driver/Src/stm32u5xx_hal_gpio.o
                0x08000a18                HAL_GPIO_WritePin
 .text.HAL_GPIO_EXTI_Rising_Callback
                0x08000a24        0x4 Drivers/STM32U5xx_HAL_Driver/Src/stm32u5xx_hal_gpio.o
                0x08000a24                HAL_GPIO_EXTI_Rising_Callback
 .text.HAL_GPIO_EXTI_Falling_Callback
                0x08000a28        0x4 Drivers/STM32U5xx_HAL_Driver/Src/stm32u5xx_hal_gpio.o
                0x08000a28                HAL_GPIO_EXTI_Falling_Callback
 .text.HAL_GPIO_EXTI_IRQHandler
                0x08000a2c       0x2c Drivers/STM32U5xx_HAL_Driver/Src/stm32u5xx_hal_gpio.o
                0x08000a2c                HAL_GPIO_EXTI_IRQHandler
 .text.HAL_ICACHE_ConfigAssociativityMode
                0x08000a58       0x28 Drivers/STM32U5xx_HAL_Driver/Src/stm32u5xx_hal_icache.o
                0x08000a58                HAL_ICACHE_ConfigAssociativityMode
 .text.HAL_ICACHE_Enable
                0x08000a80       0x14 Drivers/STM32U5xx_HAL_Driver/Src/stm32u5xx_hal_icache.o
                0x08000a80                HAL_ICACHE_Enable
 .text.HAL_PWREx_ControlVoltageScaling
                0x08000a94       0x94 Drivers/STM32U5xx_HAL_Driver/Src/stm32u5xx_hal_pwr_ex.o
                0x08000a94                HAL_PWREx_ControlVoltageScaling
 .text.HAL_PWREx_GetVoltageRange
                0x08000b28       0x10 Drivers/STM32U5xx_HAL_Driver/Src/stm32u5xx_hal_pwr_ex.o
                0x08000b28                HAL_PWREx_GetVoltageRange
 .text.RCC_SetFlashLatencyFromMSIRange
                0x08000b38       0xbc Drivers/STM32U5xx_HAL_Driver/Src/stm32u5xx_hal_rcc.o
 .text.HAL_RCC_GetSysClockFreq
                0x08000bf4      0x124 Drivers/STM32U5xx_HAL_Driver/Src/stm32u5xx_hal_rcc.o
                0x08000bf4                HAL_RCC_GetSysClockFreq
 .text.HAL_RCC_ClockConfig
                0x08000d18      0x2cc Drivers/STM32U5xx_HAL_Driver/Src/stm32u5xx_hal_rcc.o
                0x08000d18                HAL_RCC_ClockConfig
 .text.HAL_RCC_OscConfig
                0x08000fe4      0x9c4 Drivers/STM32U5xx_HAL_Driver/Src/stm32u5xx_hal_rcc.o
                0x08000fe4                HAL_RCC_OscConfig
 .text.HAL_TIM_Base_Init
                0x080019a8      0x1b8 Drivers/STM32U5xx_HAL_Driver/Src/stm32u5xx_hal_tim.o
                0x080019a8                HAL_TIM_Base_Init
 .text.HAL_TIM_Base_Start
                0x08001b60       0xac Drivers/STM32U5xx_HAL_Driver/Src/stm32u5xx_hal_tim.o
                0x08001b60                HAL_TIM_Base_Start
 .text.HAL_TIM_ConfigClockSource
                0x08001c0c      0x1a4 Drivers/STM32U5xx_HAL_Driver/Src/stm32u5xx_hal_tim.o
                0x08001c0c                HAL_TIM_ConfigClockSource
 .text.HAL_TIMEx_MasterConfigSynchronization
                0x08001db0       0xec Drivers/STM32U5xx_HAL_Driver/Src/stm32u5xx_hal_tim_ex.o
                0x08001db0                HAL_TIMEx_MasterConfigSynchronization
 .text.memset   0x08001e9c       0x10 /home/psicontrol/st/stm32cubeide_1.16.0_2/plugins/com.st.stm32cube.ide.mcu.externaltools.gnu-tools-for-stm32.12.3.rel1.linux64_1.0.200.202406132123/tools/bin/../lib/gcc/arm-none-eabi/12.3.1/../../../../arm-none-eabi/lib/thumb/v8-m.main+fp/hard/libc_nano.a(libc_a-memset.o)
                0x08001e9c                memset
 .text.__libc_init_array
                0x08001eac       0x48 /home/psicontrol/st/stm32cubeide_1.16.0_2/plugins/com.st.stm32cube.ide.mcu.externaltools.gnu-tools-for-stm32.12.3.rel1.linux64_1.0.200.202406132123/tools/bin/../lib/gcc/arm-none-eabi/12.3.1/../../../../arm-none-eabi/lib/thumb/v8-m.main+fp/hard/libc_nano.a(libc_a-init.o)
                0x08001eac                __libc_init_array
 *(.glue_7)
 .glue_7        0x08001ef4        0x0 linker stubs
 *(.glue_7t)
 .glue_7t       0x08001ef4        0x0 linker stubs
 *(.eh_frame)
 .eh_frame      0x08001ef4        0x0 /home/psicontrol/st/stm32cubeide_1.16.0_2/plugins/com.st.stm32cube.ide.mcu.externaltools.gnu-tools-for-stm32.12.3.rel1.linux64_1.0.200.202406132123/tools/bin/../lib/gcc/arm-none-eabi/12.3.1/thumb/v8-m.main+fp/hard/crtbegin.o
 *(.init)
 .init          0x08001ef4        0x4 /home/psicontrol/st/stm32cubeide_1.16.0_2/plugins/com.st.stm32cube.ide.mcu.externaltools.gnu-tools-for-stm32.12.3.rel1.linux64_1.0.200.202406132123/tools/bin/../lib/gcc/arm-none-eabi/12.3.1/thumb/v8-m.main+fp/hard/crti.o
                0x08001ef4                _init
 .init          0x08001ef8        0x8 /home/psicontrol/st/stm32cubeide_1.16.0_2/plugins/com.st.stm32cube.ide.mcu.externaltools.gnu-tools-for-stm32.12.3.rel1.linux64_1.0.200.202406132123/tools/bin/../lib/gcc/arm-none-eabi/12.3.1/thumb/v8-m.main+fp/hard/crtn.o
 *(.fini)
 .fini          0x08001f00        0x4 /home/psicontrol/st/stm32cubeide_1.16.0_2/plugins/com.st.stm32cube.ide.mcu.externaltools.gnu-tools-for-stm32.12.3.rel1.linux64_1.0.200.202406132123/tools/bin/../lib/gcc/arm-none-eabi/12.3.1/thumb/v8-m.main+fp/hard/crti.o
                0x08001f00                _fini
 .fini          0x08001f04        0x8 /home/psicontrol/st/stm32cubeide_1.16.0_2/plugins/com.st.stm32cube.ide.mcu.externaltools.gnu-tools-for-stm32.12.3.rel1.linux64_1.0.200.202406132123/tools/bin/../lib/gcc/arm-none-eabi/12.3.1/thumb/v8-m.main+fp/hard/crtn.o
                0x08001f0c                        _etext = .

.vfp11_veneer   0x08001f0c        0x0
 .vfp11_veneer  0x08001f0c        0x0 linker stubs

.v4_bx          0x08001f0c        0x0
 .v4_bx         0x08001f0c        0x0 linker stubs

.iplt           0x08001f0c        0x0
 .iplt          0x08001f0c        0x0 /home/psicontrol/st/stm32cubeide_1.16.0_2/plugins/com.st.stm32cube.ide.mcu.externaltools.gnu-tools-for-stm32.12.3.rel1.linux64_1.0.200.202406132123/tools/bin/../lib/gcc/arm-none-eabi/12.3.1/thumb/v8-m.main+fp/hard/crtbegin.o

.rodata         0x08001f0c       0xd0
 *(.rodata)
 *(.rodata*)
 .rodata.MSIRangeTable
                0x08001f0c       0x40 Core/Src/system_stm32u5xx.o
                0x08001f0c                MSIRangeTable
 .rodata.AHBPrescTable
                0x08001f4c       0x10 Core/Src/system_stm32u5xx.o
                0x08001f4c                AHBPrescTable
 .rodata.LPGPIO_Map
                0x08001f5c       0x80 Drivers/STM32U5xx_HAL_Driver/Src/stm32u5xx_hal_gpio.o

.ARM.extab
 *(.ARM.extab* .gnu.linkonce.armextab.*)

.ARM            0x08001fdc        0x0
                0x08001fdc                        __exidx_start = .
 *(.ARM.exidx*)
                0x08001fdc                        __exidx_end = .

.preinit_array  0x08001fdc        0x0
                0x08001fdc                        PROVIDE (__preinit_array_start = .)
 *(.preinit_array*)
                0x08001fdc                        PROVIDE (__preinit_array_end = .)

.init_array     0x08001fdc        0x4
                0x08001fdc                        PROVIDE (__init_array_start = .)
 *(SORT_BY_NAME(.init_array.*))
 *(.init_array*)
 .init_array    0x08001fdc        0x4 /home/psicontrol/st/stm32cubeide_1.16.0_2/plugins/com.st.stm32cube.ide.mcu.externaltools.gnu-tools-for-stm32.12.3.rel1.linux64_1.0.200.202406132123/tools/bin/../lib/gcc/arm-none-eabi/12.3.1/thumb/v8-m.main+fp/hard/crtbegin.o
                0x08001fe0                        PROVIDE (__init_array_end = .)

.fini_array     0x08001fe0        0x4
                [!provide]                        PROVIDE (__fini_array_start = .)
 *(SORT_BY_NAME(.fini_array.*))
 *(.fini_array*)
 .fini_array    0x08001fe0        0x4 /home/psicontrol/st/stm32cubeide_1.16.0_2/plugins/com.st.stm32cube.ide.mcu.externaltools.gnu-tools-for-stm32.12.3.rel1.linux64_1.0.200.202406132123/tools/bin/../lib/gcc/arm-none-eabi/12.3.1/thumb/v8-m.main+fp/hard/crtbegin.o
                [!provide]                        PROVIDE (__fini_array_end = .)
                0x08001fe4                        _sidata = LOADADDR (.data)

.rel.dyn        0x08001fe4        0x0
 .rel.iplt      0x08001fe4        0x0 /home/psicontrol/st/stm32cubeide_1.16.0_2/plugins/com.st.stm32cube.ide.mcu.externaltools.gnu-tools-for-stm32.12.3.rel1.linux64_1.0.200.202406132123/tools/bin/../lib/gcc/arm-none-eabi/12.3.1/thumb/v8-m.main+fp/hard/crtbegin.o

.data           0x20000000        0xc load address 0x08001fe4
                0x20000000                        _sdata = .
 *(.data)
 *(.data*)
 .data.SystemCoreClock
                0x20000000        0x4 Core/Src/system_stm32u5xx.o
                0x20000000                SystemCoreClock
 .data.uwTickFreq
                0x20000004        0x1 Drivers/STM32U5xx_HAL_Driver/Src/stm32u5xx_hal.o
                0x20000004                uwTickFreq
 *fill*         0x20000005        0x3 
 .data.uwTickPrio
                0x20000008        0x4 Drivers/STM32U5xx_HAL_Driver/Src/stm32u5xx_hal.o
                0x20000008                uwTickPrio
 *(.RamFunc)
 *(.RamFunc*)
                0x2000000c                        _edata = .

.igot.plt       0x2000000c        0x0 load address 0x08001ff0
 .igot.plt      0x2000000c        0x0 /home/psicontrol/st/stm32cubeide_1.16.0_2/plugins/com.st.stm32cube.ide.mcu.externaltools.gnu-tools-for-stm32.12.3.rel1.linux64_1.0.200.202406132123/tools/bin/../lib/gcc/arm-none-eabi/12.3.1/thumb/v8-m.main+fp/hard/crtbegin.o

.bss            0x2000000c       0x6c load address 0x08001ff0
                0x2000000c                        _sbss = .
                0x2000000c                        __bss_start__ = _sbss
 *(.bss)
 .bss           0x2000000c       0x1c /home/psicontrol/st/stm32cubeide_1.16.0_2/plugins/com.st.stm32cube.ide.mcu.externaltools.gnu-tools-for-stm32.12.3.rel1.linux64_1.0.200.202406132123/tools/bin/../lib/gcc/arm-none-eabi/12.3.1/thumb/v8-m.main+fp/hard/crtbegin.o
 *(.bss*)
 .bss.htim2     0x20000028       0x4c Core/Src/main.o
                0x20000028                htim2
 .bss.uwTick    0x20000074        0x4 Drivers/STM32U5xx_HAL_Driver/Src/stm32u5xx_hal.o
                0x20000074                uwTick
 *(COMMON)
                0x20000078                        _ebss = .
                0x20000078                        __bss_end__ = _ebss

._user_heap_stack
                0x20000078      0x600 load address 0x08001ff0
                0x20000078                        . = ALIGN (0x8)
                [!provide]                        PROVIDE (end = .)
                0x20000078                        PROVIDE (_end = .)
                0x20000278                        . = (. + _Min_Heap_Size)
 *fill*         0x20000078      0x200 
                0x20000678                        . = (. + _Min_Stack_Size)
 *fill*         0x20000278      0x400 
                0x20000678                        . = ALIGN (0x8)

/DISCARD/
 libc.a(*)
 libm.a(*)
 libgcc.a(*)

.ARM.attributes
                0x00000000       0x36
 *(.ARM.attributes)
 .ARM.attributes
                0x00000000       0x26 /home/psicontrol/st/stm32cubeide_1.16.0_2/plugins/com.st.stm32cube.ide.mcu.externaltools.gnu-tools-for-stm32.12.3.rel1.linux64_1.0.200.202406132123/tools/bin/../lib/gcc/arm-none-eabi/12.3.1/thumb/v8-m.main+fp/hard/crti.o
 .ARM.attributes
                0x00000026       0x38 /home/psicontrol/st/stm32cubeide_1.16.0_2/plugins/com.st.stm32cube.ide.mcu.externaltools.gnu-tools-for-stm32.12.3.rel1.linux64_1.0.200.202406132123/tools/bin/../lib/gcc/arm-none-eabi/12.3.1/thumb/v8-m.main+fp/hard/crtbegin.o
 .ARM.attributes
                0x0000005e       0x36 Core/Src/main.o
 .ARM.attributes
                0x00000094       0x36 Core/Src/stm32u5xx_hal_msp.o
 .ARM.attributes
                0x000000ca       0x36 Core/Src/stm32u5xx_it.o
 .ARM.attributes
                0x00000100       0x36 Core/Src/system_stm32u5xx.o
 .ARM.attributes
                0x00000136       0x24 Core/Startup/startup_stm32u575zitxq.o
 .ARM.attributes
                0x0000015a       0x36 Drivers/STM32U5xx_HAL_Driver/Src/stm32u5xx_hal.o
 .ARM.attributes
                0x00000190       0x36 Drivers/STM32U5xx_HAL_Driver/Src/stm32u5xx_hal_cortex.o
 .ARM.attributes
                0x000001c6       0x36 Drivers/STM32U5xx_HAL_Driver/Src/stm32u5xx_hal_gpio.o
 .ARM.attributes
                0x000001fc       0x36 Drivers/STM32U5xx_HAL_Driver/Src/stm32u5xx_hal_icache.o
 .ARM.attributes
                0x00000232       0x36 Drivers/STM32U5xx_HAL_Driver/Src/stm32u5xx_hal_pwr_ex.o
 .ARM.attributes
                0x00000268       0x36 Drivers/STM32U5xx_HAL_Driver/Src/stm32u5xx_hal_rcc.o
 .ARM.attributes
                0x0000029e       0x36 Drivers/STM32U5xx_HAL_Driver/Src/stm32u5xx_hal_tim.o
 .ARM.attributes
                0x000002d4       0x36 Drivers/STM32U5xx_HAL_Driver/Src/stm32u5xx_hal_tim_ex.o
 .ARM.attributes
                0x0000030a       0x38 /home/psicontrol/st/stm32cubeide_1.16.0_2/plugins/com.st.stm32cube.ide.mcu.externaltools.gnu-tools-for-stm32.12.3.rel1.linux64_1.0.200.202406132123/tools/bin/../lib/gcc/arm-none-eabi/12.3.1/../../../../arm-none-eabi/lib/thumb/v8-m.main+fp/hard/libc_nano.a(libc_a-memset.o)
 .ARM.attributes
                0x00000342       0x38 /home/psicontrol/st/stm32cubeide_1.16.0_2/plugins/com.st.stm32cube.ide.mcu.externaltools.gnu-tools-for-stm32.12.3.rel1.linux64_1.0.200.202406132123/tools/bin/../lib/gcc/arm-none-eabi/12.3.1/../../../../arm-none-eabi/lib/thumb/v8-m.main+fp/hard/libc_nano.a(libc_a-init.o)
 .ARM.attributes
                0x0000037a       0x26 /home/psicontrol/st/stm32cubeide_1.16.0_2/plugins/com.st.stm32cube.ide.mcu.externaltools.gnu-tools-for-stm32.12.3.rel1.linux64_1.0.200.202406132123/tools/bin/../lib/gcc/arm-none-eabi/12.3.1/thumb/v8-m.main+fp/hard/crtn.o
OUTPUT(button-interrupt-then-set.elf elf32-littlearm)
LOAD linker stubs
LOAD /home/psicontrol/st/stm32cubeide_1.16.0_2/plugins/com.st.stm32cube.ide.mcu.externaltools.gnu-tools-for-stm32.12.3.rel1.linux64_1.0.200.202406132123/tools/bin/../lib/gcc/arm-none-eabi/12.3.1/../../../../arm-none-eabi/lib/thumb/v8-m.main+fp/hard/libc.a
LOAD /home/psicontrol/st/stm32cubeide_1.16.0_2/plugins/com.st.stm32cube.ide.mcu.externaltools.gnu-tools-for-stm32.12.3.rel1.linux64_1.0.200.202406132123/tools/bin/../lib/gcc/arm-none-eabi/12.3.1/../../../../arm-none-eabi/lib/thumb/v8-m.main+fp/hard/libm.a
LOAD /home/psicontrol/st/stm32cubeide_1.16.0_2/plugins/com.st.stm32cube.ide.mcu.externaltools.gnu-tools-for-stm32.12.3.rel1.linux64_1.0.200.202406132123/tools/bin/../lib/gcc/arm-none-eabi/12.3.1/thumb/v8-m.main+fp/hard/libgcc.a

.debug_info     0x00000000    0x13125
 .debug_info    0x00000000     0x190c Core/Src/main.o
 .debug_info    0x0000190c      0xd02 Core/Src/stm32u5xx_hal_msp.o
 .debug_info    0x0000260e      0x31b Core/Src/stm32u5xx_it.o
 .debug_info    0x00002929      0x951 Core/Src/system_stm32u5xx.o
 .debug_info    0x0000327a       0x30 Core/Startup/startup_stm32u575zitxq.o
 .debug_info    0x000032aa     0x1322 Drivers/STM32U5xx_HAL_Driver/Src/stm32u5xx_hal.o
 .debug_info    0x000045cc     0x18b9 Drivers/STM32U5xx_HAL_Driver/Src/stm32u5xx_hal_cortex.o
 .debug_info    0x00005e85      0x946 Drivers/STM32U5xx_HAL_Driver/Src/stm32u5xx_hal_gpio.o
 .debug_info    0x000067cb      0x5d2 Drivers/STM32U5xx_HAL_Driver/Src/stm32u5xx_hal_icache.o
 .debug_info    0x00006d9d      0xf43 Drivers/STM32U5xx_HAL_Driver/Src/stm32u5xx_hal_pwr_ex.o
 .debug_info    0x00007ce0     0x1872 Drivers/STM32U5xx_HAL_Driver/Src/stm32u5xx_hal_rcc.o
 .debug_info    0x00009552     0x70fd Drivers/STM32U5xx_HAL_Driver/Src/stm32u5xx_hal_tim.o
 .debug_info    0x0001064f     0x2ad6 Drivers/STM32U5xx_HAL_Driver/Src/stm32u5xx_hal_tim_ex.o

.debug_abbrev   0x00000000     0x2276
 .debug_abbrev  0x00000000      0x36b Core/Src/main.o
 .debug_abbrev  0x0000036b      0x1eb Core/Src/stm32u5xx_hal_msp.o
 .debug_abbrev  0x00000556      0x1b4 Core/Src/stm32u5xx_it.o
 .debug_abbrev  0x0000070a      0x12f Core/Src/system_stm32u5xx.o
 .debug_abbrev  0x00000839       0x24 Core/Startup/startup_stm32u575zitxq.o
 .debug_abbrev  0x0000085d      0x315 Drivers/STM32U5xx_HAL_Driver/Src/stm32u5xx_hal.o
 .debug_abbrev  0x00000b72      0x3b8 Drivers/STM32U5xx_HAL_Driver/Src/stm32u5xx_hal_cortex.o
 .debug_abbrev  0x00000f2a      0x2e6 Drivers/STM32U5xx_HAL_Driver/Src/stm32u5xx_hal_gpio.o
 .debug_abbrev  0x00001210      0x27c Drivers/STM32U5xx_HAL_Driver/Src/stm32u5xx_hal_icache.o
 .debug_abbrev  0x0000148c      0x2c6 Drivers/STM32U5xx_HAL_Driver/Src/stm32u5xx_hal_pwr_ex.o
 .debug_abbrev  0x00001752      0x335 Drivers/STM32U5xx_HAL_Driver/Src/stm32u5xx_hal_rcc.o
 .debug_abbrev  0x00001a87      0x40c Drivers/STM32U5xx_HAL_Driver/Src/stm32u5xx_hal_tim.o
 .debug_abbrev  0x00001e93      0x3e3 Drivers/STM32U5xx_HAL_Driver/Src/stm32u5xx_hal_tim_ex.o

.debug_aranges  0x00000000      0xce8
 .debug_aranges
                0x00000000       0x30 Core/Src/main.o
 .debug_aranges
                0x00000030       0x30 Core/Src/stm32u5xx_hal_msp.o
 .debug_aranges
                0x00000060       0x68 Core/Src/stm32u5xx_it.o
 .debug_aranges
                0x000000c8       0x28 Core/Src/system_stm32u5xx.o
 .debug_aranges
                0x000000f0       0x28 Core/Startup/startup_stm32u575zitxq.o
 .debug_aranges
                0x00000118      0x148 Drivers/STM32U5xx_HAL_Driver/Src/stm32u5xx_hal.o
 .debug_aranges
                0x00000260       0xc8 Drivers/STM32U5xx_HAL_Driver/Src/stm32u5xx_hal_cortex.o
 .debug_aranges
                0x00000328       0x78 Drivers/STM32U5xx_HAL_Driver/Src/stm32u5xx_hal_gpio.o
 .debug_aranges
                0x000003a0       0xa8 Drivers/STM32U5xx_HAL_Driver/Src/stm32u5xx_hal_icache.o
 .debug_aranges
                0x00000448      0x200 Drivers/STM32U5xx_HAL_Driver/Src/stm32u5xx_hal_pwr_ex.o
 .debug_aranges
                0x00000648       0xa8 Drivers/STM32U5xx_HAL_Driver/Src/stm32u5xx_hal_rcc.o
 .debug_aranges
                0x000006f0      0x3b0 Drivers/STM32U5xx_HAL_Driver/Src/stm32u5xx_hal_tim.o
 .debug_aranges
                0x00000aa0      0x248 Drivers/STM32U5xx_HAL_Driver/Src/stm32u5xx_hal_tim_ex.o

.debug_rnglists
                0x00000000     0x126d
 .debug_rnglists
                0x00000000       0x5a Core/Src/main.o
 .debug_rnglists
                0x0000005a       0x3a Core/Src/stm32u5xx_hal_msp.o
 .debug_rnglists
                0x00000094       0x49 Core/Src/stm32u5xx_it.o
 .debug_rnglists
                0x000000dd       0x1a Core/Src/system_stm32u5xx.o
 .debug_rnglists
                0x000000f7       0x19 Core/Startup/startup_stm32u575zitxq.o
 .debug_rnglists
                0x00000110       0xf2 Drivers/STM32U5xx_HAL_Driver/Src/stm32u5xx_hal.o
 .debug_rnglists
                0x00000202      0x100 Drivers/STM32U5xx_HAL_Driver/Src/stm32u5xx_hal_cortex.o
 .debug_rnglists
                0x00000302       0x90 Drivers/STM32U5xx_HAL_Driver/Src/stm32u5xx_hal_gpio.o
 .debug_rnglists
                0x00000392       0x85 Drivers/STM32U5xx_HAL_Driver/Src/stm32u5xx_hal_icache.o
 .debug_rnglists
                0x00000417      0x184 Drivers/STM32U5xx_HAL_Driver/Src/stm32u5xx_hal_pwr_ex.o
 .debug_rnglists
                0x0000059b      0x1c1 Drivers/STM32U5xx_HAL_Driver/Src/stm32u5xx_hal_rcc.o
 .debug_rnglists
                0x0000075c      0x88c Drivers/STM32U5xx_HAL_Driver/Src/stm32u5xx_hal_tim.o
 .debug_rnglists
                0x00000fe8      0x285 Drivers/STM32U5xx_HAL_Driver/Src/stm32u5xx_hal_tim_ex.o

.debug_macro    0x00000000    0x30c1a
 .debug_macro   0x00000000      0x2a6 Core/Src/main.o
 .debug_macro   0x000002a6      0xade Core/Src/main.o
 .debug_macro   0x00000d84      0x1e6 Core/Src/main.o
 .debug_macro   0x00000f6a       0x2e Core/Src/main.o
 .debug_macro   0x00000f98       0x42 Core/Src/main.o
 .debug_macro   0x00000fda       0x22 Core/Src/main.o
 .debug_macro   0x00000ffc       0x8e Core/Src/main.o
 .debug_macro   0x0000108a       0x51 Core/Src/main.o
 .debug_macro   0x000010db      0x103 Core/Src/main.o
 .debug_macro   0x000011de       0x6a Core/Src/main.o
 .debug_macro   0x00001248      0x1df Core/Src/main.o
 .debug_macro   0x00001427       0x1c Core/Src/main.o
 .debug_macro   0x00001443       0x29 Core/Src/main.o
 .debug_macro   0x0000146c       0xfb Core/Src/main.o
 .debug_macro   0x00001567     0x1685 Core/Src/main.o
 .debug_macro   0x00002bec       0x5e Core/Src/main.o
 .debug_macro   0x00002c4a    0x223f5 Core/Src/main.o
 .debug_macro   0x0002503f       0x6d Core/Src/main.o
 .debug_macro   0x000250ac     0x3873 Core/Src/main.o
 .debug_macro   0x0002891f      0x189 Core/Src/main.o
 .debug_macro   0x00028aa8       0x61 Core/Src/main.o
 .debug_macro   0x00028b09       0x2a Core/Src/main.o
 .debug_macro   0x00028b33       0x43 Core/Src/main.o
 .debug_macro   0x00028b76       0x34 Core/Src/main.o
 .debug_macro   0x00028baa       0x16 Core/Src/main.o
 .debug_macro   0x00028bc0       0x43 Core/Src/main.o
 .debug_macro   0x00028c03       0x34 Core/Src/main.o
 .debug_macro   0x00028c37       0x10 Core/Src/main.o
 .debug_macro   0x00028c47       0x58 Core/Src/main.o
 .debug_macro   0x00028c9f       0x8e Core/Src/main.o
 .debug_macro   0x00028d2d       0x1c Core/Src/main.o
 .debug_macro   0x00028d49      0x177 Core/Src/main.o
 .debug_macro   0x00028ec0      0x369 Core/Src/main.o
 .debug_macro   0x00029229      0x19b Core/Src/main.o
 .debug_macro   0x000293c4       0x5d Core/Src/main.o
 .debug_macro   0x00029421     0x1ae5 Core/Src/main.o
 .debug_macro   0x0002af06      0x7dc Core/Src/main.o
 .debug_macro   0x0002b6e2      0x166 Core/Src/main.o
 .debug_macro   0x0002b848      0x2aa Core/Src/main.o
 .debug_macro   0x0002baf2       0xc9 Core/Src/main.o
 .debug_macro   0x0002bbbb      0x5a5 Core/Src/main.o
 .debug_macro   0x0002c160      0x439 Core/Src/main.o
 .debug_macro   0x0002c599       0xd6 Core/Src/main.o
 .debug_macro   0x0002c66f      0x1cd Core/Src/main.o
 .debug_macro   0x0002c83c      0x432 Core/Src/main.o
 .debug_macro   0x0002cc6e       0x95 Core/Src/main.o
 .debug_macro   0x0002cd03      0x11c Core/Src/main.o
 .debug_macro   0x0002ce1f      0x525 Core/Src/main.o
 .debug_macro   0x0002d344      0x4bf Core/Src/main.o
 .debug_macro   0x0002d803      0xbcc Core/Src/main.o
 .debug_macro   0x0002e3cf      0x4ea Core/Src/main.o
 .debug_macro   0x0002e8b9      0x1c0 Core/Src/main.o
 .debug_macro   0x0002ea79      0x361 Core/Src/main.o
 .debug_macro   0x0002edda       0x1c Core/Src/main.o
 .debug_macro   0x0002edf6       0x35 Core/Src/main.o
 .debug_macro   0x0002ee2b       0x10 Core/Src/main.o
 .debug_macro   0x0002ee3b       0x1c Core/Src/main.o
 .debug_macro   0x0002ee57       0x16 Core/Src/main.o
 .debug_macro   0x0002ee6d      0x146 Core/Src/main.o
 .debug_macro   0x0002efb3      0x272 Core/Src/stm32u5xx_hal_msp.o
 .debug_macro   0x0002f225      0x27c Core/Src/stm32u5xx_it.o
 .debug_macro   0x0002f4a1      0x26f Core/Src/system_stm32u5xx.o
 .debug_macro   0x0002f710      0x28c Drivers/STM32U5xx_HAL_Driver/Src/stm32u5xx_hal.o
 .debug_macro   0x0002f99c      0x268 Drivers/STM32U5xx_HAL_Driver/Src/stm32u5xx_hal_cortex.o
 .debug_macro   0x0002fc04      0x29d Drivers/STM32U5xx_HAL_Driver/Src/stm32u5xx_hal_gpio.o
 .debug_macro   0x0002fea1      0x29a Drivers/STM32U5xx_HAL_Driver/Src/stm32u5xx_hal_icache.o
 .debug_macro   0x0003013b      0x293 Drivers/STM32U5xx_HAL_Driver/Src/stm32u5xx_hal_pwr_ex.o
 .debug_macro   0x000303ce      0x36e Drivers/STM32U5xx_HAL_Driver/Src/stm32u5xx_hal_rcc.o
 .debug_macro   0x0003073c      0x270 Drivers/STM32U5xx_HAL_Driver/Src/stm32u5xx_hal_tim.o
 .debug_macro   0x000309ac      0x26e Drivers/STM32U5xx_HAL_Driver/Src/stm32u5xx_hal_tim_ex.o

.debug_line     0x00000000    0x14694
 .debug_line    0x00000000      0xbd6 Core/Src/main.o
 .debug_line    0x00000bd6      0x862 Core/Src/stm32u5xx_hal_msp.o
 .debug_line    0x00001438      0x929 Core/Src/stm32u5xx_it.o
 .debug_line    0x00001d61      0x96f Core/Src/system_stm32u5xx.o
 .debug_line    0x000026d0       0x79 Core/Startup/startup_stm32u575zitxq.o
 .debug_line    0x00002749      0xdc8 Drivers/STM32U5xx_HAL_Driver/Src/stm32u5xx_hal.o
 .debug_line    0x00003511      0xf16 Drivers/STM32U5xx_HAL_Driver/Src/stm32u5xx_hal_cortex.o
 .debug_line    0x00004427     0x1189 Drivers/STM32U5xx_HAL_Driver/Src/stm32u5xx_hal_gpio.o
 .debug_line    0x000055b0      0xcb1 Drivers/STM32U5xx_HAL_Driver/Src/stm32u5xx_hal_icache.o
 .debug_line    0x00006261     0x1421 Drivers/STM32U5xx_HAL_Driver/Src/stm32u5xx_hal_pwr_ex.o
 .debug_line    0x00007682     0x235e Drivers/STM32U5xx_HAL_Driver/Src/stm32u5xx_hal_rcc.o
 .debug_line    0x000099e0     0x80f4 Drivers/STM32U5xx_HAL_Driver/Src/stm32u5xx_hal_tim.o
 .debug_line    0x00011ad4     0x2bc0 Drivers/STM32U5xx_HAL_Driver/Src/stm32u5xx_hal_tim_ex.o

.debug_str      0x00000000   0x138340
 .debug_str     0x00000000   0x133696 Core/Src/main.o
                             0x134255 (size before relaxing)
 .debug_str     0x00133696       0x7f Core/Src/stm32u5xx_hal_msp.o
                             0x1330a2 (size before relaxing)
 .debug_str     0x00133715      0x105 Core/Src/stm32u5xx_it.o
                             0x1328ce (size before relaxing)
 .debug_str     0x0013381a      0x1d3 Core/Src/system_stm32u5xx.o
                             0x132b44 (size before relaxing)
 .debug_str     0x001339ed       0x45 Core/Startup/startup_stm32u575zitxq.o
                                 0x8e (size before relaxing)
 .debug_str     0x00133a32      0x7cc Drivers/STM32U5xx_HAL_Driver/Src/stm32u5xx_hal.o
                             0x1339c1 (size before relaxing)
 .debug_str     0x001341fe      0x3ef Drivers/STM32U5xx_HAL_Driver/Src/stm32u5xx_hal_cortex.o
                             0x133789 (size before relaxing)
 .debug_str     0x001345ed      0x2d1 Drivers/STM32U5xx_HAL_Driver/Src/stm32u5xx_hal_gpio.o
                             0x132b69 (size before relaxing)
 .debug_str     0x001348be      0x678 Drivers/STM32U5xx_HAL_Driver/Src/stm32u5xx_hal_icache.o
                             0x132e66 (size before relaxing)
 .debug_str     0x00134f36      0x83f Drivers/STM32U5xx_HAL_Driver/Src/stm32u5xx_hal_pwr_ex.o
                             0x133284 (size before relaxing)
 .debug_str     0x00135775     0x1301 Drivers/STM32U5xx_HAL_Driver/Src/stm32u5xx_hal_rcc.o
                             0x134239 (size before relaxing)
 .debug_str     0x00136a76      0xf84 Drivers/STM32U5xx_HAL_Driver/Src/stm32u5xx_hal_tim.o
                             0x133f87 (size before relaxing)
 .debug_str     0x001379fa      0x946 Drivers/STM32U5xx_HAL_Driver/Src/stm32u5xx_hal_tim_ex.o
                             0x133dff (size before relaxing)

.comment        0x00000000       0x43
 .comment       0x00000000       0x43 Core/Src/main.o
                                 0x44 (size before relaxing)
 .comment       0x00000043       0x44 Core/Src/stm32u5xx_hal_msp.o
 .comment       0x00000043       0x44 Core/Src/stm32u5xx_it.o
 .comment       0x00000043       0x44 Core/Src/system_stm32u5xx.o
 .comment       0x00000043       0x44 Drivers/STM32U5xx_HAL_Driver/Src/stm32u5xx_hal.o
 .comment       0x00000043       0x44 Drivers/STM32U5xx_HAL_Driver/Src/stm32u5xx_hal_cortex.o
 .comment       0x00000043       0x44 Drivers/STM32U5xx_HAL_Driver/Src/stm32u5xx_hal_gpio.o
 .comment       0x00000043       0x44 Drivers/STM32U5xx_HAL_Driver/Src/stm32u5xx_hal_icache.o
 .comment       0x00000043       0x44 Drivers/STM32U5xx_HAL_Driver/Src/stm32u5xx_hal_pwr_ex.o
 .comment       0x00000043       0x44 Drivers/STM32U5xx_HAL_Driver/Src/stm32u5xx_hal_rcc.o
 .comment       0x00000043       0x44 Drivers/STM32U5xx_HAL_Driver/Src/stm32u5xx_hal_tim.o
 .comment       0x00000043       0x44 Drivers/STM32U5xx_HAL_Driver/Src/stm32u5xx_hal_tim_ex.o

.debug_frame    0x00000000     0x22f0
 .debug_frame   0x00000000       0x5c Core/Src/main.o
 .debug_frame   0x0000005c       0x50 Core/Src/stm32u5xx_hal_msp.o
 .debug_frame   0x000000ac       0xc4 Core/Src/stm32u5xx_it.o
 .debug_frame   0x00000170       0x4c Core/Src/system_stm32u5xx.o
 .debug_frame   0x000001bc      0x2b4 Drivers/STM32U5xx_HAL_Driver/Src/stm32u5xx_hal.o
 .debug_frame   0x00000470      0x198 Drivers/STM32U5xx_HAL_Driver/Src/stm32u5xx_hal_cortex.o
 .debug_frame   0x00000608      0x1b0 Drivers/STM32U5xx_HAL_Driver/Src/stm32u5xx_hal_gpio.o
 .debug_frame   0x000007b8      0x198 Drivers/STM32U5xx_HAL_Driver/Src/stm32u5xx_hal_icache.o
 .debug_frame   0x00000950      0x3f4 Drivers/STM32U5xx_HAL_Driver/Src/stm32u5xx_hal_pwr_ex.o
 .debug_frame   0x00000d44      0x274 Drivers/STM32U5xx_HAL_Driver/Src/stm32u5xx_hal_rcc.o
 .debug_frame   0x00000fb8      0xc38 Drivers/STM32U5xx_HAL_Driver/Src/stm32u5xx_hal_tim.o
 .debug_frame   0x00001bf0      0x6b4 Drivers/STM32U5xx_HAL_Driver/Src/stm32u5xx_hal_tim_ex.o
 .debug_frame   0x000022a4       0x20 /home/psicontrol/st/stm32cubeide_1.16.0_2/plugins/com.st.stm32cube.ide.mcu.externaltools.gnu-tools-for-stm32.12.3.rel1.linux64_1.0.200.202406132123/tools/bin/../lib/gcc/arm-none-eabi/12.3.1/../../../../arm-none-eabi/lib/thumb/v8-m.main+fp/hard/libc_nano.a(libc_a-memset.o)
 .debug_frame   0x000022c4       0x2c /home/psicontrol/st/stm32cubeide_1.16.0_2/plugins/com.st.stm32cube.ide.mcu.externaltools.gnu-tools-for-stm32.12.3.rel1.linux64_1.0.200.202406132123/tools/bin/../lib/gcc/arm-none-eabi/12.3.1/../../../../arm-none-eabi/lib/thumb/v8-m.main+fp/hard/libc_nano.a(libc_a-init.o)

.debug_loclists
                0x00000000     0xb41d
 .debug_loclists
                0x00000000       0xda Core/Src/system_stm32u5xx.o
 .debug_loclists
                0x000000da      0x177 Drivers/STM32U5xx_HAL_Driver/Src/stm32u5xx_hal.o
 .debug_loclists
                0x00000251      0x4dd Drivers/STM32U5xx_HAL_Driver/Src/stm32u5xx_hal_cortex.o
 .debug_loclists
                0x0000072e      0x78e Drivers/STM32U5xx_HAL_Driver/Src/stm32u5xx_hal_gpio.o
 .debug_loclists
                0x00000ebc      0x2c7 Drivers/STM32U5xx_HAL_Driver/Src/stm32u5xx_hal_icache.o
 .debug_loclists
                0x00001183      0x642 Drivers/STM32U5xx_HAL_Driver/Src/stm32u5xx_hal_pwr_ex.o
 .debug_loclists
                0x000017c5      0xd38 Drivers/STM32U5xx_HAL_Driver/Src/stm32u5xx_hal_rcc.o
 .debug_loclists
                0x000024fd     0x7732 Drivers/STM32U5xx_HAL_Driver/Src/stm32u5xx_hal_tim.o
 .debug_loclists
                0x00009c2f     0x17ee Drivers/STM32U5xx_HAL_Driver/Src/stm32u5xx_hal_tim_ex.o

.debug_line_str
                0x00000000       0x72
 .debug_line_str
                0x00000000       0x72 Core/Startup/startup_stm32u575zitxq.o
