Archive member included to satisfy reference by file (symbol)

/usr/lib/gcc/arm-none-eabi/13.2.1/../../../arm-none-eabi/lib/thumb/v8-m.main+fp/hard/libc_nano.a(libc_a-init.o)
                              /usr/lib/gcc/arm-none-eabi/13.2.1/../../../arm-none-eabi/lib/thumb/v8-m.main+fp/hard/crt0.o (__libc_init_array)
/usr/lib/gcc/arm-none-eabi/13.2.1/../../../arm-none-eabi/lib/thumb/v8-m.main+fp/hard/libc_nano.a(libc_a-memset.o)
                              /usr/lib/gcc/arm-none-eabi/13.2.1/../../../arm-none-eabi/lib/thumb/v8-m.main+fp/hard/crt0.o (memset)
/usr/lib/gcc/arm-none-eabi/13.2.1/../../../arm-none-eabi/lib/thumb/v8-m.main+fp/hard/libc_nano.a(libc_a-errno.o)
                              ./Core/Src/syscalls.o (__errno)
/usr/lib/gcc/arm-none-eabi/13.2.1/../../../arm-none-eabi/lib/thumb/v8-m.main+fp/hard/libc_nano.a(libc_a-memmove.o)
                              ./Drivers/STM32U5xx_HAL_Driver/Src/stm32u5xx_hal_dma_ex.o (memmove)
/usr/lib/gcc/arm-none-eabi/13.2.1/../../../arm-none-eabi/lib/thumb/v8-m.main+fp/hard/libc_nano.a(libc_a-exit.o)
                              /usr/lib/gcc/arm-none-eabi/13.2.1/../../../arm-none-eabi/lib/thumb/v8-m.main+fp/hard/crt0.o (exit)
/usr/lib/gcc/arm-none-eabi/13.2.1/../../../arm-none-eabi/lib/thumb/v8-m.main+fp/hard/libc_nano.a(libc_a-atexit.o)
                              /usr/lib/gcc/arm-none-eabi/13.2.1/../../../arm-none-eabi/lib/thumb/v8-m.main+fp/hard/crt0.o (atexit)
/usr/lib/gcc/arm-none-eabi/13.2.1/../../../arm-none-eabi/lib/thumb/v8-m.main+fp/hard/libc_nano.a(libc_a-fini.o)
                              /usr/lib/gcc/arm-none-eabi/13.2.1/../../../arm-none-eabi/lib/thumb/v8-m.main+fp/hard/crt0.o (__libc_fini_array)
/usr/lib/gcc/arm-none-eabi/13.2.1/../../../arm-none-eabi/lib/thumb/v8-m.main+fp/hard/libc_nano.a(libc_a-impure.o)
                              /usr/lib/gcc/arm-none-eabi/13.2.1/../../../arm-none-eabi/lib/thumb/v8-m.main+fp/hard/libc_nano.a(libc_a-errno.o) (_impure_ptr)
/usr/lib/gcc/arm-none-eabi/13.2.1/../../../arm-none-eabi/lib/thumb/v8-m.main+fp/hard/libc_nano.a(libc_a-findfp.o)
                              /usr/lib/gcc/arm-none-eabi/13.2.1/../../../arm-none-eabi/lib/thumb/v8-m.main+fp/hard/libc_nano.a(libc_a-exit.o) (__stdio_exit_handler)
/usr/lib/gcc/arm-none-eabi/13.2.1/../../../arm-none-eabi/lib/thumb/v8-m.main+fp/hard/libc_nano.a(libc_a-fflush.o)
                              /usr/lib/gcc/arm-none-eabi/13.2.1/../../../arm-none-eabi/lib/thumb/v8-m.main+fp/hard/libc_nano.a(libc_a-findfp.o) (_fflush_r)
/usr/lib/gcc/arm-none-eabi/13.2.1/../../../arm-none-eabi/lib/thumb/v8-m.main+fp/hard/libc_nano.a(libc_a-mallocr.o)
                              /usr/lib/gcc/arm-none-eabi/13.2.1/../../../arm-none-eabi/lib/thumb/v8-m.main+fp/hard/libc_nano.a(libc_a-findfp.o) (_malloc_r)
/usr/lib/gcc/arm-none-eabi/13.2.1/../../../arm-none-eabi/lib/thumb/v8-m.main+fp/hard/libc_nano.a(libc_a-freer.o)
                              /usr/lib/gcc/arm-none-eabi/13.2.1/../../../arm-none-eabi/lib/thumb/v8-m.main+fp/hard/libc_nano.a(libc_a-fflush.o) (_free_r)
/usr/lib/gcc/arm-none-eabi/13.2.1/../../../arm-none-eabi/lib/thumb/v8-m.main+fp/hard/libc_nano.a(libc_a-fwalk.o)
                              /usr/lib/gcc/arm-none-eabi/13.2.1/../../../arm-none-eabi/lib/thumb/v8-m.main+fp/hard/libc_nano.a(libc_a-findfp.o) (_fwalk_sglue)
/usr/lib/gcc/arm-none-eabi/13.2.1/../../../arm-none-eabi/lib/thumb/v8-m.main+fp/hard/libc_nano.a(libc_a-__atexit.o)
                              /usr/lib/gcc/arm-none-eabi/13.2.1/../../../arm-none-eabi/lib/thumb/v8-m.main+fp/hard/libc_nano.a(libc_a-atexit.o) (__register_exitproc)
/usr/lib/gcc/arm-none-eabi/13.2.1/../../../arm-none-eabi/lib/thumb/v8-m.main+fp/hard/libc_nano.a(libc_a-mlock.o)
                              /usr/lib/gcc/arm-none-eabi/13.2.1/../../../arm-none-eabi/lib/thumb/v8-m.main+fp/hard/libc_nano.a(libc_a-mallocr.o) (__malloc_lock)
/usr/lib/gcc/arm-none-eabi/13.2.1/../../../arm-none-eabi/lib/thumb/v8-m.main+fp/hard/libc_nano.a(libc_a-sbrkr.o)
                              /usr/lib/gcc/arm-none-eabi/13.2.1/../../../arm-none-eabi/lib/thumb/v8-m.main+fp/hard/libc_nano.a(libc_a-mallocr.o) (_sbrk_r)
/usr/lib/gcc/arm-none-eabi/13.2.1/../../../arm-none-eabi/lib/thumb/v8-m.main+fp/hard/libc_nano.a(libc_a-stdio.o)
                              /usr/lib/gcc/arm-none-eabi/13.2.1/../../../arm-none-eabi/lib/thumb/v8-m.main+fp/hard/libc_nano.a(libc_a-findfp.o) (__sread)
/usr/lib/gcc/arm-none-eabi/13.2.1/../../../arm-none-eabi/lib/thumb/v8-m.main+fp/hard/libc_nano.a(libc_a-closer.o)
                              /usr/lib/gcc/arm-none-eabi/13.2.1/../../../arm-none-eabi/lib/thumb/v8-m.main+fp/hard/libc_nano.a(libc_a-stdio.o) (_close_r)
/usr/lib/gcc/arm-none-eabi/13.2.1/../../../arm-none-eabi/lib/thumb/v8-m.main+fp/hard/libc_nano.a(libc_a-__call_atexit.o)
                              /usr/lib/gcc/arm-none-eabi/13.2.1/../../../arm-none-eabi/lib/thumb/v8-m.main+fp/hard/libc_nano.a(libc_a-__atexit.o) (__call_exitprocs)
[...]
Memory Configuration

Name             Origin             Length             Attributes
RAM              0x20000000         0x000c0000         xrw
SRAM4            0x28000000         0x00004000         xrw
FLASH            0x08000000         0x00200000         xr
*default*        0x00000000         0xffffffff

Linker script and memory map

LOAD /usr/lib/gcc/arm-none-eabi/13.2.1/thumb/v8-m.main+fp/hard/crti.o
LOAD /usr/lib/gcc/arm-none-eabi/13.2.1/thumb/v8-m.main+fp/hard/crtbegin.o
LOAD /usr/lib/gcc/arm-none-eabi/13.2.1/../../../arm-none-eabi/lib/thumb/v8-m.main+fp/hard/crt0.o
LOAD ./Core/Src/main.o
LOAD ./Core/Src/stm32u5xx_hal_msp.o
LOAD ./Core/Src/stm32u5xx_it.o
LOAD ./Core/Src/syscalls.o
LOAD ./Core/Src/sysmem.o
LOAD ./Core/Src/system_stm32u5xx.o
LOAD ./Core/Startup/startup_stm32u575zitxq.o
LOAD ./Drivers/STM32U5xx_HAL_Driver/Src/stm32u5xx_hal.o
LOAD ./Drivers/STM32U5xx_HAL_Driver/Src/stm32u5xx_hal_cortex.o
LOAD ./Drivers/STM32U5xx_HAL_Driver/Src/stm32u5xx_hal_dma.o
LOAD ./Drivers/STM32U5xx_HAL_Driver/Src/stm32u5xx_hal_dma_ex.o
LOAD ./Drivers/STM32U5xx_HAL_Driver/Src/stm32u5xx_hal_exti.o
LOAD ./Drivers/STM32U5xx_HAL_Driver/Src/stm32u5xx_hal_flash.o
LOAD ./Drivers/STM32U5xx_HAL_Driver/Src/stm32u5xx_hal_flash_ex.o
LOAD ./Drivers/STM32U5xx_HAL_Driver/Src/stm32u5xx_hal_gpio.o
LOAD ./Drivers/STM32U5xx_HAL_Driver/Src/stm32u5xx_hal_gtzc.o
LOAD ./Drivers/STM32U5xx_HAL_Driver/Src/stm32u5xx_hal_i2c.o
LOAD ./Drivers/STM32U5xx_HAL_Driver/Src/stm32u5xx_hal_i2c_ex.o
LOAD ./Drivers/STM32U5xx_HAL_Driver/Src/stm32u5xx_hal_icache.o
LOAD ./Drivers/STM32U5xx_HAL_Driver/Src/stm32u5xx_hal_pwr.o
LOAD ./Drivers/STM32U5xx_HAL_Driver/Src/stm32u5xx_hal_pwr_ex.o
LOAD ./Drivers/STM32U5xx_HAL_Driver/Src/stm32u5xx_hal_rcc.o
LOAD ./Drivers/STM32U5xx_HAL_Driver/Src/stm32u5xx_hal_rcc_ex.o
LOAD ./Drivers/STM32U5xx_HAL_Driver/Src/stm32u5xx_hal_tim.o
LOAD ./Drivers/STM32U5xx_HAL_Driver/Src/stm32u5xx_hal_tim_ex.o
START GROUP
LOAD /usr/lib/gcc/arm-none-eabi/13.2.1/../../../arm-none-eabi/lib/thumb/v8-m.main+fp/hard/libc_nano.a
LOAD /usr/lib/gcc/arm-none-eabi/13.2.1/../../../arm-none-eabi/lib/thumb/v8-m.main+fp/hard/libm.a
END GROUP
START GROUP
LOAD /usr/lib/gcc/arm-none-eabi/13.2.1/thumb/v8-m.main+fp/hard/libgcc.a
LOAD /usr/lib/gcc/arm-none-eabi/13.2.1/../../../arm-none-eabi/lib/thumb/v8-m.main+fp/hard/libc_nano.a
END GROUP
START GROUP
LOAD /usr/lib/gcc/arm-none-eabi/13.2.1/thumb/v8-m.main+fp/hard/libgcc.a
LOAD /usr/lib/gcc/arm-none-eabi/13.2.1/../../../arm-none-eabi/lib/thumb/v8-m.main+fp/hard/libc_nano.a
LOAD /usr/lib/gcc/arm-none-eabi/13.2.1/../../../arm-none-eabi/lib/thumb/v8-m.main+fp/hard/libnosys.a
END GROUP
START GROUP
LOAD /usr/lib/gcc/arm-none-eabi/13.2.1/thumb/v8-m.main+fp/hard/libgcc.a
LOAD /usr/lib/gcc/arm-none-eabi/13.2.1/../../../arm-none-eabi/lib/thumb/v8-m.main+fp/hard/libc_nano.a
LOAD /usr/lib/gcc/arm-none-eabi/13.2.1/../../../arm-none-eabi/lib/thumb/v8-m.main+fp/hard/libnosys.a
END GROUP
LOAD /usr/lib/gcc/arm-none-eabi/13.2.1/thumb/v8-m.main+fp/hard/crtend.o
LOAD /usr/lib/gcc/arm-none-eabi/13.2.1/thumb/v8-m.main+fp/hard/crtn.o
                0x200c0000                        _estack = (ORIGIN (RAM) + LENGTH (RAM))
                0x00000200                        _Min_Heap_Size = 0x200
                0x00000400                        _Min_Stack_Size = 0x400

.isr_vector     0x08000000      0x238
 *(.isr_vector)
 .isr_vector    0x08000000      0x238 ./Core/Startup/startup_stm32u575zitxq.o
                0x08000000                g_pfnVectors

.text           0x08000238     0x1f00
 *(.text)
 .text          0x08000238       0x8c /usr/lib/gcc/arm-none-eabi/13.2.1/thumb/v8-m.main+fp/hard/crtbegin.o
 .text          0x080002c4       0x50 /usr/lib/gcc/arm-none-eabi/13.2.1/../../../arm-none-eabi/lib/thumb/v8-m.main+fp/hard/libc_nano.a(libc_a-init.o)
                0x080002c4                __libc_init_array
 .text          0x08000314       0xa4 /usr/lib/gcc/arm-none-eabi/13.2.1/../../../arm-none-eabi/lib/thumb/v8-m.main+fp/hard/libc_nano.a(libc_a-memset.o)
                0x08000314                memset
 *(.text*)
 .text.SystemClock_Config
                0x080003b8       0x98 ./Core/Src/main.o
                0x080003b8                SystemClock_Config
 .text.startup.main
                0x08000450      0x12c ./Core/Src/main.o
                0x08000450                main
 .text.HAL_MspInit
                0x0800057c       0x24 ./Core/Src/stm32u5xx_hal_msp.o
                0x0800057c                HAL_MspInit
 .text.HAL_TIM_Base_MspInit
                0x080005a0       0x30 ./Core/Src/stm32u5xx_hal_msp.o
                0x080005a0                HAL_TIM_Base_MspInit
 .text.NMI_Handler
                0x080005d0        0x4 ./Core/Src/stm32u5xx_it.o
                0x080005d0                NMI_Handler
 .text.HardFault_Handler
                0x080005d4        0x4 ./Core/Src/stm32u5xx_it.o
                0x080005d4                HardFault_Handler
 .text.MemManage_Handler
                0x080005d8        0x4 ./Core/Src/stm32u5xx_it.o
                0x080005d8                MemManage_Handler
 .text.BusFault_Handler
                0x080005dc        0x4 ./Core/Src/stm32u5xx_it.o
                0x080005dc                BusFault_Handler
 .text.UsageFault_Handler
                0x080005e0        0x4 ./Core/Src/stm32u5xx_it.o
                0x080005e0                UsageFault_Handler
 .text.SVC_Handler
                0x080005e4        0x4 ./Core/Src/stm32u5xx_it.o
                0x080005e4                SVC_Handler
 .text.DebugMon_Handler
                0x080005e8        0x4 ./Core/Src/stm32u5xx_it.o
                0x080005e8                DebugMon_Handler
 .text.PendSV_Handler
                0x080005ec        0x4 ./Core/Src/stm32u5xx_it.o
                0x080005ec                PendSV_Handler
 .text.SysTick_Handler
                0x080005f0        0x4 ./Core/Src/stm32u5xx_it.o
                0x080005f0                SysTick_Handler
 .text.EXTI13_IRQHandler
                0x080005f4       0x38 ./Core/Src/stm32u5xx_it.o
                0x080005f4                EXTI13_IRQHandler
 .text.SystemInit
                0x0800062c       0x4c ./Core/Src/system_stm32u5xx.o
                0x0800062c                SystemInit
 .text.Reset_Handler
                0x08000678       0x50 ./Core/Startup/startup_stm32u575zitxq.o
                0x08000678                Reset_Handler
 .text.Default_Handler
                0x080006c8        0x2 ./Core/Startup/startup_stm32u575zitxq.o
                0x080006c8                EXTI2_IRQHandler
                0x080006c8                TIM8_TRG_COM_IRQHandler
                0x080006c8                TIM8_CC_IRQHandler
                0x080006c8                EXTI5_IRQHandler
                0x080006c8                FLASH_S_IRQHandler
                0x080006c8                TIM1_CC_IRQHandler
                0x080006c8                TSC_IRQHandler
                0x080006c8                TAMP_IRQHandler
                0x080006c8                TIM6_IRQHandler
                0x080006c8                EXTI12_IRQHandler
                0x080006c8                CORDIC_IRQHandler
                0x080006c8                EXTI3_IRQHandler
                0x080006c8                LPTIM4_IRQHandler
                0x080006c8                GPDMA1_Channel5_IRQHandler
                0x080006c8                EXTI8_IRQHandler
                0x080006c8                LPTIM2_IRQHandler
                0x080006c8                I2C3_ER_IRQHandler
                0x080006c8                PWR_S3WU_IRQHandler
                0x080006c8                MDF1_FLT2_IRQHandler
                0x080006c8                LPDMA1_Channel3_IRQHandler
                0x080006c8                LPTIM3_IRQHandler
                0x080006c8                EXTI0_IRQHandler
                0x080006c8                I2C2_EV_IRQHandler
                0x080006c8                FPU_IRQHandler
                0x080006c8                GPDMA1_Channel3_IRQHandler
                0x080006c8                GPDMA1_Channel7_IRQHandler
                0x080006c8                MDF1_FLT4_IRQHandler
                0x080006c8                FDCAN1_IT1_IRQHandler
                0x080006c8                RAMCFG_IRQHandler
                0x080006c8                GPDMA1_Channel9_IRQHandler
                0x080006c8                DCACHE1_IRQHandler
                0x080006c8                SPI1_IRQHandler
                0x080006c8                OCTOSPI1_IRQHandler
                0x080006c8                GPDMA1_Channel2_IRQHandler
                0x080006c8                TIM8_UP_IRQHandler
                0x080006c8                RCC_S_IRQHandler
                0x080006c8                OCTOSPI2_IRQHandler
                0x080006c8                SAI2_IRQHandler
                0x080006c8                MDF1_FLT1_IRQHandler
                0x080006c8                ADC1_IRQHandler
                0x080006c8                MDF1_FLT5_IRQHandler
                0x080006c8                EXTI15_IRQHandler
                0x080006c8                TIM17_IRQHandler
                0x080006c8                USART3_IRQHandler
                0x080006c8                RTC_IRQHandler
                0x080006c8                EXTI9_IRQHandler
                0x080006c8                UART5_IRQHandler
                0x080006c8                TIM4_IRQHandler
                0x080006c8                I2C1_EV_IRQHandler
                0x080006c8                GPDMA1_Channel12_IRQHandler
                0x080006c8                GPDMA1_Channel1_IRQHandler
                0x080006c8                TIM16_IRQHandler
                0x080006c8                GPDMA1_Channel15_IRQHandler
                0x080006c8                UART4_IRQHandler
                0x080006c8                SecureFault_Handler
                0x080006c8                TIM3_IRQHandler
                0x080006c8                RCC_IRQHandler
                0x080006c8                TIM1_TRG_COM_IRQHandler
                0x080006c8                Default_Handler
                0x080006c8                GPDMA1_Channel8_IRQHandler
                0x080006c8                FMAC_IRQHandler
                0x080006c8                GPDMA1_Channel11_IRQHandler
                0x080006c8                TIM7_IRQHandler
                0x080006c8                SDMMC1_IRQHandler
                0x080006c8                TIM5_IRQHandler
                0x080006c8                UCPD1_IRQHandler
                0x080006c8                GPDMA1_Channel0_IRQHandler
                0x080006c8                TIM15_IRQHandler
                0x080006c8                I2C3_EV_IRQHandler
                0x080006c8                LPDMA1_Channel0_IRQHandler
                0x080006c8                PVD_PVM_IRQHandler
                0x080006c8                SPI2_IRQHandler
                0x080006c8                LPDMA1_Channel1_IRQHandler
                0x080006c8                EXTI14_IRQHandler
                0x080006c8                EXTI11_IRQHandler
                0x080006c8                CRS_IRQHandler
                0x080006c8                GPDMA1_Channel14_IRQHandler
                0x080006c8                LSECSSD_IRQHandler
                0x080006c8                EXTI4_IRQHandler
                0x080006c8                RTC_S_IRQHandler
                0x080006c8                GPDMA1_Channel13_IRQHandler
                0x080006c8                RNG_IRQHandler
                0x080006c8                COMP_IRQHandler
                0x080006c8                TIM1_UP_IRQHandler
                0x080006c8                ADC4_IRQHandler
                0x080006c8                WWDG_IRQHandler
                0x080006c8                I2C4_EV_IRQHandler
                0x080006c8                ADF1_IRQHandler
                0x080006c8                IWDG_IRQHandler
                0x080006c8                LPUART1_IRQHandler
                0x080006c8                MDF1_FLT0_IRQHandler
                0x080006c8                FDCAN1_IT0_IRQHandler
                0x080006c8                TIM2_IRQHandler
                0x080006c8                GPDMA1_Channel4_IRQHandler
                0x080006c8                EXTI7_IRQHandler
                0x080006c8                DMA2D_IRQHandler
                0x080006c8                TIM1_BRK_IRQHandler
                0x080006c8                EXTI1_IRQHandler
                0x080006c8                SDMMC2_IRQHandler
                0x080006c8                DAC1_IRQHandler
                0x080006c8                GTZC_IRQHandler
                0x080006c8                MDF1_FLT3_IRQHandler
                0x080006c8                USART2_IRQHandler
                0x080006c8                GPDMA1_Channel6_IRQHandler
                0x080006c8                I2C2_ER_IRQHandler
                0x080006c8                TIM8_BRK_IRQHandler
                0x080006c8                FLASH_IRQHandler
                0x080006c8                USART1_IRQHandler
                0x080006c8                EXTI10_IRQHandler
                0x080006c8                OTG_FS_IRQHandler
                0x080006c8                SPI3_IRQHandler
                0x080006c8                LPDMA1_Channel2_IRQHandler
                0x080006c8                I2C1_ER_IRQHandler
                0x080006c8                FMC_IRQHandler
                0x080006c8                EXTI6_IRQHandler
                0x080006c8                LPTIM1_IRQHandler
                0x080006c8                DCMI_PSSI_IRQHandler
                0x080006c8                I2C4_ER_IRQHandler
                0x080006c8                GPDMA1_Channel10_IRQHandler
                0x080006c8                ICACHE_IRQHandler
                0x080006c8                SAI1_IRQHandler
                0x080006c8                HASH_IRQHandler
 *fill*         0x080006ca        0x2 
 .text.HAL_InitTick
                0x080006cc       0xa0 ./Drivers/STM32U5xx_HAL_Driver/Src/stm32u5xx_hal.o
                0x080006cc                HAL_InitTick
 .text.HAL_Init
                0x0800076c       0x58 ./Drivers/STM32U5xx_HAL_Driver/Src/stm32u5xx_hal.o
                0x0800076c                HAL_Init
 .text.HAL_IncTick
                0x080007c4       0x18 ./Drivers/STM32U5xx_HAL_Driver/Src/stm32u5xx_hal.o
                0x080007c4                HAL_IncTick
 .text.HAL_GetTick
                0x080007dc        0xc ./Drivers/STM32U5xx_HAL_Driver/Src/stm32u5xx_hal.o
                0x080007dc                HAL_GetTick
 .text.HAL_NVIC_SetPriorityGrouping
                0x080007e8       0x24 ./Drivers/STM32U5xx_HAL_Driver/Src/stm32u5xx_hal_cortex.o
                0x080007e8                HAL_NVIC_SetPriorityGrouping
 .text.HAL_NVIC_SetPriority
                0x0800080c       0x78 ./Drivers/STM32U5xx_HAL_Driver/Src/stm32u5xx_hal_cortex.o
                0x0800080c                HAL_NVIC_SetPriority
 .text.HAL_NVIC_EnableIRQ
                0x08000884       0x1c ./Drivers/STM32U5xx_HAL_Driver/Src/stm32u5xx_hal_cortex.o
                0x08000884                HAL_NVIC_EnableIRQ
 .text.HAL_SYSTICK_Config
                0x080008a0       0x20 ./Drivers/STM32U5xx_HAL_Driver/Src/stm32u5xx_hal_cortex.o
                0x080008a0                HAL_SYSTICK_Config
 .text.HAL_SYSTICK_CLKSourceConfig
                0x080008c0       0x7c ./Drivers/STM32U5xx_HAL_Driver/Src/stm32u5xx_hal_cortex.o
                0x080008c0                HAL_SYSTICK_CLKSourceConfig
 .text.HAL_SYSTICK_GetCLKSourceConfig
                0x0800093c       0x34 ./Drivers/STM32U5xx_HAL_Driver/Src/stm32u5xx_hal_cortex.o
                0x0800093c                HAL_SYSTICK_GetCLKSourceConfig
 .text.HAL_GPIO_Init
                0x08000970      0x314 ./Drivers/STM32U5xx_HAL_Driver/Src/stm32u5xx_hal_gpio.o
                0x08000970                HAL_GPIO_Init
 .text.HAL_GPIO_ReadPin
                0x08000c84        0xc ./Drivers/STM32U5xx_HAL_Driver/Src/stm32u5xx_hal_gpio.o
                0x08000c84                HAL_GPIO_ReadPin
 .text.HAL_GPIO_WritePin
                0x08000c90        0xc ./Drivers/STM32U5xx_HAL_Driver/Src/stm32u5xx_hal_gpio.o
                0x08000c90                HAL_GPIO_WritePin
 .text.HAL_GPIO_EXTI_Rising_Callback
                0x08000c9c        0x4 ./Drivers/STM32U5xx_HAL_Driver/Src/stm32u5xx_hal_gpio.o
                0x08000c9c                HAL_GPIO_EXTI_Rising_Callback
 .text.HAL_GPIO_EXTI_Falling_Callback
                0x08000ca0        0x4 ./Drivers/STM32U5xx_HAL_Driver/Src/stm32u5xx_hal_gpio.o
                0x08000ca0                HAL_GPIO_EXTI_Falling_Callback
 .text.HAL_GPIO_EXTI_IRQHandler
                0x08000ca4       0x2c ./Drivers/STM32U5xx_HAL_Driver/Src/stm32u5xx_hal_gpio.o
                0x08000ca4                HAL_GPIO_EXTI_IRQHandler
 .text.HAL_ICACHE_ConfigAssociativityMode
                0x08000cd0       0x28 ./Drivers/STM32U5xx_HAL_Driver/Src/stm32u5xx_hal_icache.o
                0x08000cd0                HAL_ICACHE_ConfigAssociativityMode
 .text.HAL_ICACHE_Enable
                0x08000cf8       0x14 ./Drivers/STM32U5xx_HAL_Driver/Src/stm32u5xx_hal_icache.o
                0x08000cf8                HAL_ICACHE_Enable
 .text.HAL_PWREx_ControlVoltageScaling
                0x08000d0c       0x94 ./Drivers/STM32U5xx_HAL_Driver/Src/stm32u5xx_hal_pwr_ex.o
                0x08000d0c                HAL_PWREx_ControlVoltageScaling
 .text.HAL_PWREx_GetVoltageRange
                0x08000da0       0x10 ./Drivers/STM32U5xx_HAL_Driver/Src/stm32u5xx_hal_pwr_ex.o
                0x08000da0                HAL_PWREx_GetVoltageRange
 .text.RCC_SetFlashLatencyFromMSIRange
                0x08000db0       0xbc ./Drivers/STM32U5xx_HAL_Driver/Src/stm32u5xx_hal_rcc.o
 .text.HAL_RCC_GetSysClockFreq
                0x08000e6c      0x11c ./Drivers/STM32U5xx_HAL_Driver/Src/stm32u5xx_hal_rcc.o
                0x08000e6c                HAL_RCC_GetSysClockFreq
 .text.HAL_RCC_ClockConfig
                0x08000f88      0x2cc ./Drivers/STM32U5xx_HAL_Driver/Src/stm32u5xx_hal_rcc.o
                0x08000f88                HAL_RCC_ClockConfig
 .text.HAL_RCC_OscConfig
                0x08001254      0x9d4 ./Drivers/STM32U5xx_HAL_Driver/Src/stm32u5xx_hal_rcc.o
                0x08001254                HAL_RCC_OscConfig
 .text.HAL_TIM_Base_Init
                0x08001c28      0x1b8 ./Drivers/STM32U5xx_HAL_Driver/Src/stm32u5xx_hal_tim.o
                0x08001c28                HAL_TIM_Base_Init
 .text.HAL_TIM_Base_Start
                0x08001de0       0xac ./Drivers/STM32U5xx_HAL_Driver/Src/stm32u5xx_hal_tim.o
                0x08001de0                HAL_TIM_Base_Start
 .text.HAL_TIM_ConfigClockSource
                0x08001e8c      0x1a8 ./Drivers/STM32U5xx_HAL_Driver/Src/stm32u5xx_hal_tim.o
                0x08001e8c                HAL_TIM_ConfigClockSource
 .text.HAL_TIMEx_MasterConfigSynchronization
                0x08002034       0xec ./Drivers/STM32U5xx_HAL_Driver/Src/stm32u5xx_hal_tim_ex.o
                0x08002034                HAL_TIMEx_MasterConfigSynchronization
 *(.glue_7)
 .glue_7        0x08002120        0x0 linker stubs
 *(.glue_7t)
 .glue_7t       0x08002120        0x0 linker stubs
 *(.eh_frame)
 .eh_frame      0x08002120        0x0 /usr/lib/gcc/arm-none-eabi/13.2.1/thumb/v8-m.main+fp/hard/crtbegin.o
 *(.init)
 .init          0x08002120        0x4 /usr/lib/gcc/arm-none-eabi/13.2.1/thumb/v8-m.main+fp/hard/crti.o
                0x08002120                _init
 .init          0x08002124        0x8 /usr/lib/gcc/arm-none-eabi/13.2.1/thumb/v8-m.main+fp/hard/crtn.o
 *(.fini)
 .fini          0x0800212c        0x4 /usr/lib/gcc/arm-none-eabi/13.2.1/thumb/v8-m.main+fp/hard/crti.o
                0x0800212c                _fini
 .fini          0x08002130        0x8 /usr/lib/gcc/arm-none-eabi/13.2.1/thumb/v8-m.main+fp/hard/crtn.o
                0x08002138                        _etext = .

.vfp11_veneer   0x08002138        0x0
 .vfp11_veneer  0x08002138        0x0 linker stubs

.v4_bx          0x08002138        0x0
 .v4_bx         0x08002138        0x0 linker stubs

.iplt           0x08002138        0x0
 .iplt          0x08002138        0x0 /usr/lib/gcc/arm-none-eabi/13.2.1/thumb/v8-m.main+fp/hard/crtbegin.o

.rodata         0x08002138       0xd0
 *(.rodata)
 *(.rodata*)
 .rodata.MSIRangeTable
                0x08002138       0x40 ./Core/Src/system_stm32u5xx.o
                0x08002138                MSIRangeTable
 .rodata.AHBPrescTable
                0x08002178       0x10 ./Core/Src/system_stm32u5xx.o
                0x08002178                AHBPrescTable
 .rodata.LPGPIO_Map
                0x08002188       0x80 ./Drivers/STM32U5xx_HAL_Driver/Src/stm32u5xx_hal_gpio.o

.ARM.extab
 *(.ARM.extab* .gnu.linkonce.armextab.*)

.ARM            0x08002208        0x0
                0x08002208                        __exidx_start = .
 *(.ARM.exidx*)
                0x08002208                        __exidx_end = .

.preinit_array  0x08002208        0x0
                0x08002208                        PROVIDE (__preinit_array_start = .)
 *(.preinit_array*)
                0x08002208                        PROVIDE (__preinit_array_end = .)

.init_array     0x08002208        0x4
                0x08002208                        PROVIDE (__init_array_start = .)
 *(SORT_BY_NAME(.init_array.*))
 *(.init_array*)
 .init_array    0x08002208        0x4 /usr/lib/gcc/arm-none-eabi/13.2.1/thumb/v8-m.main+fp/hard/crtbegin.o
                0x0800220c                        PROVIDE (__init_array_end = .)

.fini_array     0x0800220c        0x4
                0x0800220c                        PROVIDE (__fini_array_start = .)
 *(SORT_BY_NAME(.fini_array.*))
 *(.fini_array*)
 .fini_array    0x0800220c        0x4 /usr/lib/gcc/arm-none-eabi/13.2.1/thumb/v8-m.main+fp/hard/crtbegin.o
                0x08002210                        PROVIDE (__fini_array_end = .)
                0x08002210                        _sidata = LOADADDR (.data)

.rel.dyn        0x08002210        0x0
 .rel.iplt      0x08002210        0x0 /usr/lib/gcc/arm-none-eabi/13.2.1/thumb/v8-m.main+fp/hard/crtbegin.o

.data           0x20000000        0xc load address 0x08002210
                0x20000000                        _sdata = .
 *(.data)
 *(.data*)
 .data.SystemCoreClock
                0x20000000        0x4 ./Core/Src/system_stm32u5xx.o
                0x20000000                SystemCoreClock
 .data.uwTickFreq
                0x20000004        0x1 ./Drivers/STM32U5xx_HAL_Driver/Src/stm32u5xx_hal.o
                0x20000004                uwTickFreq
 *fill*         0x20000005        0x3 
 .data.uwTickPrio
                0x20000008        0x4 ./Drivers/STM32U5xx_HAL_Driver/Src/stm32u5xx_hal.o
                0x20000008                uwTickPrio
 *(.RamFunc)
 *(.RamFunc*)
                0x2000000c                        _edata = .

.tm_clone_table
                0x2000000c        0x0 load address 0x0800221c
 .tm_clone_table
                0x2000000c        0x0 /usr/lib/gcc/arm-none-eabi/13.2.1/thumb/v8-m.main+fp/hard/crtbegin.o
 .tm_clone_table
                0x2000000c        0x0 /usr/lib/gcc/arm-none-eabi/13.2.1/thumb/v8-m.main+fp/hard/crtend.o

.igot.plt       0x2000000c        0x0 load address 0x0800221c
 .igot.plt      0x2000000c        0x0 /usr/lib/gcc/arm-none-eabi/13.2.1/thumb/v8-m.main+fp/hard/crtbegin.o

.bss            0x2000000c       0x6c load address 0x0800221c
                0x2000000c                        _sbss = .
                0x2000000c                        __bss_start__ = _sbss
 *(.bss)
 .bss           0x2000000c       0x1c /usr/lib/gcc/arm-none-eabi/13.2.1/thumb/v8-m.main+fp/hard/crtbegin.o
 *(.bss*)
 .bss.htim2     0x20000028       0x4c ./Core/Src/main.o
                0x20000028                htim2
 .bss.uwTick    0x20000074        0x4 ./Drivers/STM32U5xx_HAL_Driver/Src/stm32u5xx_hal.o
                0x20000074                uwTick
 *(COMMON)
                0x20000078                        _ebss = .
                0x20000078                        __bss_end__ = _ebss

._user_heap_stack
                0x20000078      0x600 load address 0x0800221c
                0x20000078                        . = ALIGN (0x8)
                [!provide]                        PROVIDE (end = .)
                0x20000078                        PROVIDE (_end = .)
                0x20000278                        . = (. + _Min_Heap_Size)
 *fill*         0x20000078      0x200 
                0x20000678                        . = (. + _Min_Stack_Size)
 *fill*         0x20000278      0x400 
                0x20000678                        . = ALIGN (0x8)

/DISCARD/
 libc.a(*)
 libm.a(*)
 libgcc.a(*)

.ARM.attributes
                0x00000000       0x36
 *(.ARM.attributes)
 .ARM.attributes
                0x00000000       0x26 /usr/lib/gcc/arm-none-eabi/13.2.1/thumb/v8-m.main+fp/hard/crti.o
 .ARM.attributes
                0x00000026       0x38 /usr/lib/gcc/arm-none-eabi/13.2.1/thumb/v8-m.main+fp/hard/crtbegin.o
 .ARM.attributes
                0x0000005e       0x36 ./Core/Src/main.o
 .ARM.attributes
                0x00000094       0x36 ./Core/Src/stm32u5xx_hal_msp.o
 .ARM.attributes
                0x000000ca       0x36 ./Core/Src/stm32u5xx_it.o
 .ARM.attributes
                0x00000100       0x36 ./Core/Src/system_stm32u5xx.o
 .ARM.attributes
                0x00000136       0x24 ./Core/Startup/startup_stm32u575zitxq.o
 .ARM.attributes
                0x0000015a       0x36 ./Drivers/STM32U5xx_HAL_Driver/Src/stm32u5xx_hal.o
 .ARM.attributes
                0x00000190       0x36 ./Drivers/STM32U5xx_HAL_Driver/Src/stm32u5xx_hal_cortex.o
 .ARM.attributes
                0x000001c6       0x36 ./Drivers/STM32U5xx_HAL_Driver/Src/stm32u5xx_hal_gpio.o
 .ARM.attributes
                0x000001fc       0x36 ./Drivers/STM32U5xx_HAL_Driver/Src/stm32u5xx_hal_icache.o
 .ARM.attributes
                0x00000232       0x36 ./Drivers/STM32U5xx_HAL_Driver/Src/stm32u5xx_hal_pwr_ex.o
 .ARM.attributes
                0x00000268       0x36 ./Drivers/STM32U5xx_HAL_Driver/Src/stm32u5xx_hal_rcc.o
 .ARM.attributes
                0x0000029e       0x36 ./Drivers/STM32U5xx_HAL_Driver/Src/stm32u5xx_hal_tim.o
 .ARM.attributes
                0x000002d4       0x36 ./Drivers/STM32U5xx_HAL_Driver/Src/stm32u5xx_hal_tim_ex.o
 .ARM.attributes
                0x0000030a       0x38 /usr/lib/gcc/arm-none-eabi/13.2.1/../../../arm-none-eabi/lib/thumb/v8-m.main+fp/hard/libc_nano.a(libc_a-init.o)
 .ARM.attributes
                0x00000342       0x38 /usr/lib/gcc/arm-none-eabi/13.2.1/../../../arm-none-eabi/lib/thumb/v8-m.main+fp/hard/libc_nano.a(libc_a-memset.o)
 .ARM.attributes
                0x0000037a       0x38 /usr/lib/gcc/arm-none-eabi/13.2.1/thumb/v8-m.main+fp/hard/crtend.o
 .ARM.attributes
                0x000003b2       0x26 /usr/lib/gcc/arm-none-eabi/13.2.1/thumb/v8-m.main+fp/hard/crtn.o
OUTPUT(stm32u5-first-steps.elf elf32-littlearm)
LOAD linker stubs
LOAD /usr/lib/gcc/arm-none-eabi/13.2.1/../../../arm-none-eabi/lib/thumb/v8-m.main+fp/hard/libc.a
LOAD /usr/lib/gcc/arm-none-eabi/13.2.1/../../../arm-none-eabi/lib/thumb/v8-m.main+fp/hard/libm.a
LOAD /usr/lib/gcc/arm-none-eabi/13.2.1/thumb/v8-m.main+fp/hard/libgcc.a

.comment        0x00000000       0x26
 .comment       0x00000000       0x26 /usr/lib/gcc/arm-none-eabi/13.2.1/thumb/v8-m.main+fp/hard/crtbegin.o
                                 0x27 (size before relaxing)
 .comment       0x00000026       0x27 ./Core/Src/main.o
 .comment       0x00000026       0x27 ./Core/Src/stm32u5xx_hal_msp.o
 .comment       0x00000026       0x27 ./Core/Src/stm32u5xx_it.o
 .comment       0x00000026       0x27 ./Core/Src/system_stm32u5xx.o
 .comment       0x00000026       0x27 ./Drivers/STM32U5xx_HAL_Driver/Src/stm32u5xx_hal.o
 .comment       0x00000026       0x27 ./Drivers/STM32U5xx_HAL_Driver/Src/stm32u5xx_hal_cortex.o
 .comment       0x00000026       0x27 ./Drivers/STM32U5xx_HAL_Driver/Src/stm32u5xx_hal_gpio.o
 .comment       0x00000026       0x27 ./Drivers/STM32U5xx_HAL_Driver/Src/stm32u5xx_hal_icache.o
 .comment       0x00000026       0x27 ./Drivers/STM32U5xx_HAL_Driver/Src/stm32u5xx_hal_pwr_ex.o
 .comment       0x00000026       0x27 ./Drivers/STM32U5xx_HAL_Driver/Src/stm32u5xx_hal_rcc.o
 .comment       0x00000026       0x27 ./Drivers/STM32U5xx_HAL_Driver/Src/stm32u5xx_hal_tim.o
 .comment       0x00000026       0x27 ./Drivers/STM32U5xx_HAL_Driver/Src/stm32u5xx_hal_tim_ex.o
 .comment       0x00000026       0x27 /usr/lib/gcc/arm-none-eabi/13.2.1/../../../arm-none-eabi/lib/thumb/v8-m.main+fp/hard/libc_nano.a(libc_a-init.o)
 .comment       0x00000026       0x27 /usr/lib/gcc/arm-none-eabi/13.2.1/../../../arm-none-eabi/lib/thumb/v8-m.main+fp/hard/libc_nano.a(libc_a-memset.o)
 .comment       0x00000026       0x27 /usr/lib/gcc/arm-none-eabi/13.2.1/thumb/v8-m.main+fp/hard/crtend.o

.debug_info     0x00000000      0x240
 .debug_info    0x00000000      0x10b /usr/lib/gcc/arm-none-eabi/13.2.1/../../../arm-none-eabi/lib/thumb/v8-m.main+fp/hard/libc_nano.a(libc_a-init.o)
 .debug_info    0x0000010b      0x135 /usr/lib/gcc/arm-none-eabi/13.2.1/../../../arm-none-eabi/lib/thumb/v8-m.main+fp/hard/libc_nano.a(libc_a-memset.o)

.debug_abbrev   0x00000000      0x180
 .debug_abbrev  0x00000000       0xc9 /usr/lib/gcc/arm-none-eabi/13.2.1/../../../arm-none-eabi/lib/thumb/v8-m.main+fp/hard/libc_nano.a(libc_a-init.o)
 .debug_abbrev  0x000000c9       0xb7 /usr/lib/gcc/arm-none-eabi/13.2.1/../../../arm-none-eabi/lib/thumb/v8-m.main+fp/hard/libc_nano.a(libc_a-memset.o)

.debug_loclists
                0x00000000      0x227
 .debug_loclists
                0x00000000       0x65 /usr/lib/gcc/arm-none-eabi/13.2.1/../../../arm-none-eabi/lib/thumb/v8-m.main+fp/hard/libc_nano.a(libc_a-init.o)
 .debug_loclists
                0x00000065      0x1c2 /usr/lib/gcc/arm-none-eabi/13.2.1/../../../arm-none-eabi/lib/thumb/v8-m.main+fp/hard/libc_nano.a(libc_a-memset.o)

.debug_aranges  0x00000000       0x40
 .debug_aranges
                0x00000000       0x20 /usr/lib/gcc/arm-none-eabi/13.2.1/../../../arm-none-eabi/lib/thumb/v8-m.main+fp/hard/libc_nano.a(libc_a-init.o)
 .debug_aranges
                0x00000020       0x20 /usr/lib/gcc/arm-none-eabi/13.2.1/../../../arm-none-eabi/lib/thumb/v8-m.main+fp/hard/libc_nano.a(libc_a-memset.o)

.debug_line     0x00000000      0x2df
 .debug_line    0x00000000      0x129 /usr/lib/gcc/arm-none-eabi/13.2.1/../../../arm-none-eabi/lib/thumb/v8-m.main+fp/hard/libc_nano.a(libc_a-init.o)
 .debug_line    0x00000129      0x1b6 /usr/lib/gcc/arm-none-eabi/13.2.1/../../../arm-none-eabi/lib/thumb/v8-m.main+fp/hard/libc_nano.a(libc_a-memset.o)

.debug_str      0x00000000      0x212
 .debug_str     0x00000000      0x212 /usr/lib/gcc/arm-none-eabi/13.2.1/../../../arm-none-eabi/lib/thumb/v8-m.main+fp/hard/libc_nano.a(libc_a-init.o)
                                0x202 (size before relaxing)
 .debug_str     0x00000212      0x1b5 /usr/lib/gcc/arm-none-eabi/13.2.1/../../../arm-none-eabi/lib/thumb/v8-m.main+fp/hard/libc_nano.a(libc_a-memset.o)

.debug_frame    0x00000000       0x58
 .debug_frame   0x00000000       0x2c /usr/lib/gcc/arm-none-eabi/13.2.1/../../../arm-none-eabi/lib/thumb/v8-m.main+fp/hard/libc_nano.a(libc_a-init.o)
 .debug_frame   0x0000002c       0x2c /usr/lib/gcc/arm-none-eabi/13.2.1/../../../arm-none-eabi/lib/thumb/v8-m.main+fp/hard/libc_nano.a(libc_a-memset.o)
