Archive member included to satisfy reference by file (symbol)

/usr/lib/gcc/arm-none-eabi/13.2.1/../../../arm-none-eabi/lib/thumb/v8-m.main+fp/hard/libc_nano.a(libc_a-init.o)
                              /usr/lib/gcc/arm-none-eabi/13.2.1/../../../arm-none-eabi/lib/thumb/v8-m.main+fp/hard/crt0.o (__libc_init_array)
/usr/lib/gcc/arm-none-eabi/13.2.1/../../../arm-none-eabi/lib/thumb/v8-m.main+fp/hard/libc_nano.a(libc_a-memset.o)
                              /usr/lib/gcc/arm-none-eabi/13.2.1/../../../arm-none-eabi/lib/thumb/v8-m.main+fp/hard/crt0.o (memset)
/usr/lib/gcc/arm-none-eabi/13.2.1/../../../arm-none-eabi/lib/thumb/v8-m.main+fp/hard/libc_nano.a(libc_a-errno.o)
                              ./Core/Src/syscalls.o (__errno)
/usr/lib/gcc/arm-none-eabi/13.2.1/../../../arm-none-eabi/lib/thumb/v8-m.main+fp/hard/libc_nano.a(libc_a-memmove.o)
                              ./Drivers/STM32U5xx_HAL_Driver/Src/stm32u5xx_hal_dma_ex.o (memmove)
/usr/lib/gcc/arm-none-eabi/13.2.1/../../../arm-none-eabi/lib/thumb/v8-m.main+fp/hard/libc_nano.a(libc_a-exit.o)
                              /usr/lib/gcc/arm-none-eabi/13.2.1/../../../arm-none-eabi/lib/thumb/v8-m.main+fp/hard/crt0.o (exit)
/usr/lib/gcc/arm-none-eabi/13.2.1/../../../arm-none-eabi/lib/thumb/v8-m.main+fp/hard/libc_nano.a(libc_a-atexit.o)
                              /usr/lib/gcc/arm-none-eabi/13.2.1/../../../arm-none-eabi/lib/thumb/v8-m.main+fp/hard/crt0.o (atexit)
/usr/lib/gcc/arm-none-eabi/13.2.1/../../../arm-none-eabi/lib/thumb/v8-m.main+fp/hard/libc_nano.a(libc_a-fini.o)
                              /usr/lib/gcc/arm-none-eabi/13.2.1/../../../arm-none-eabi/lib/thumb/v8-m.main+fp/hard/crt0.o (__libc_fini_array)
/usr/lib/gcc/arm-none-eabi/13.2.1/../../../arm-none-eabi/lib/thumb/v8-m.main+fp/hard/libc_nano.a(libc_a-impure.o)
                              /usr/lib/gcc/arm-none-eabi/13.2.1/../../../arm-none-eabi/lib/thumb/v8-m.main+fp/hard/libc_nano.a(libc_a-errno.o) (_impure_ptr)
/usr/lib/gcc/arm-none-eabi/13.2.1/../../../arm-none-eabi/lib/thumb/v8-m.main+fp/hard/libc_nano.a(libc_a-findfp.o)
                              /usr/lib/gcc/arm-none-eabi/13.2.1/../../../arm-none-eabi/lib/thumb/v8-m.main+fp/hard/libc_nano.a(libc_a-exit.o) (__stdio_exit_handler)
/usr/lib/gcc/arm-none-eabi/13.2.1/../../../arm-none-eabi/lib/thumb/v8-m.main+fp/hard/libc_nano.a(libc_a-fflush.o)
                              /usr/lib/gcc/arm-none-eabi/13.2.1/../../../arm-none-eabi/lib/thumb/v8-m.main+fp/hard/libc_nano.a(libc_a-findfp.o) (_fflush_r)
/usr/lib/gcc/arm-none-eabi/13.2.1/../../../arm-none-eabi/lib/thumb/v8-m.main+fp/hard/libc_nano.a(libc_a-mallocr.o)
                              /usr/lib/gcc/arm-none-eabi/13.2.1/../../../arm-none-eabi/lib/thumb/v8-m.main+fp/hard/libc_nano.a(libc_a-findfp.o) (_malloc_r)
/usr/lib/gcc/arm-none-eabi/13.2.1/../../../arm-none-eabi/lib/thumb/v8-m.main+fp/hard/libc_nano.a(libc_a-freer.o)
                              /usr/lib/gcc/arm-none-eabi/13.2.1/../../../arm-none-eabi/lib/thumb/v8-m.main+fp/hard/libc_nano.a(libc_a-fflush.o) (_free_r)
/usr/lib/gcc/arm-none-eabi/13.2.1/../../../arm-none-eabi/lib/thumb/v8-m.main+fp/hard/libc_nano.a(libc_a-fwalk.o)
                              /usr/lib/gcc/arm-none-eabi/13.2.1/../../../arm-none-eabi/lib/thumb/v8-m.main+fp/hard/libc_nano.a(libc_a-findfp.o) (_fwalk_sglue)
/usr/lib/gcc/arm-none-eabi/13.2.1/../../../arm-none-eabi/lib/thumb/v8-m.main+fp/hard/libc_nano.a(libc_a-__atexit.o)
                              /usr/lib/gcc/arm-none-eabi/13.2.1/../../../arm-none-eabi/lib/thumb/v8-m.main+fp/hard/libc_nano.a(libc_a-atexit.o) (__register_exitproc)
/usr/lib/gcc/arm-none-eabi/13.2.1/../../../arm-none-eabi/lib/thumb/v8-m.main+fp/hard/libc_nano.a(libc_a-mlock.o)
                              /usr/lib/gcc/arm-none-eabi/13.2.1/../../../arm-none-eabi/lib/thumb/v8-m.main+fp/hard/libc_nano.a(libc_a-mallocr.o) (__malloc_lock)
/usr/lib/gcc/arm-none-eabi/13.2.1/../../../arm-none-eabi/lib/thumb/v8-m.main+fp/hard/libc_nano.a(libc_a-sbrkr.o)
                              /usr/lib/gcc/arm-none-eabi/13.2.1/../../../arm-none-eabi/lib/thumb/v8-m.main+fp/hard/libc_nano.a(libc_a-mallocr.o) (_sbrk_r)
/usr/lib/gcc/arm-none-eabi/13.2.1/../../../arm-none-eabi/lib/thumb/v8-m.main+fp/hard/libc_nano.a(libc_a-stdio.o)
                              /usr/lib/gcc/arm-none-eabi/13.2.1/../../../arm-none-eabi/lib/thumb/v8-m.main+fp/hard/libc_nano.a(libc_a-findfp.o) (__sread)
/usr/lib/gcc/arm-none-eabi/13.2.1/../../../arm-none-eabi/lib/thumb/v8-m.main+fp/hard/libc_nano.a(libc_a-closer.o)
                              /usr/lib/gcc/arm-none-eabi/13.2.1/../../../arm-none-eabi/lib/thumb/v8-m.main+fp/hard/libc_nano.a(libc_a-stdio.o) (_close_r)
/usr/lib/gcc/arm-none-eabi/13.2.1/../../../arm-none-eabi/lib/thumb/v8-m.main+fp/hard/libc_nano.a(libc_a-__call_atexit.o)
                              /usr/lib/gcc/arm-none-eabi/13.2.1/../../../arm-none-eabi/lib/thumb/v8-m.main+fp/hard/libc_nano.a(libc_a-__atexit.o) (__call_exitprocs)
[...]
Memory Configuration

Name             Origin             Length             Attributes
RAM              0x20000000         0x000c0000         xrw
SRAM4            0x28000000         0x00004000         xrw
FLASH            0x08000000         0x00200000         xr
*default*        0x00000000         0xffffffff

Linker script and memory map

LOAD /usr/lib/gcc/arm-none-eabi/13.2.1/thumb/v8-m.main+fp/hard/crti.o
LOAD /usr/lib/gcc/arm-none-eabi/13.2.1/thumb/v8-m.main+fp/hard/crtbegin.o
LOAD /usr/lib/gcc/arm-none-eabi/13.2.1/../../../arm-none-eabi/lib/thumb/v8-m.main+fp/hard/crt0.o
LOAD ./Core/Src/main.o
LOAD ./Core/Src/stm32u5xx_hal_msp.o
LOAD ./Core/Src/stm32u5xx_it.o
LOAD ./Core/Src/syscalls.o
LOAD ./Core/Src/sysmem.o
LOAD ./Core/Src/system_stm32u5xx.o
LOAD ./Core/Startup/startup_stm32u575zitxq.o
LOAD ./Drivers/STM32U5xx_HAL_Driver/Src/stm32u5xx_hal.o
LOAD ./Drivers/STM32U5xx_HAL_Driver/Src/stm32u5xx_hal_cortex.o
LOAD ./Drivers/STM32U5xx_HAL_Driver/Src/stm32u5xx_hal_dma.o
LOAD ./Drivers/STM32U5xx_HAL_Driver/Src/stm32u5xx_hal_dma_ex.o
LOAD ./Drivers/STM32U5xx_HAL_Driver/Src/stm32u5xx_hal_exti.o
LOAD ./Drivers/STM32U5xx_HAL_Driver/Src/stm32u5xx_hal_flash.o
LOAD ./Drivers/STM32U5xx_HAL_Driver/Src/stm32u5xx_hal_flash_ex.o
LOAD ./Drivers/STM32U5xx_HAL_Driver/Src/stm32u5xx_hal_gpio.o
LOAD ./Drivers/STM32U5xx_HAL_Driver/Src/stm32u5xx_hal_gtzc.o
LOAD ./Drivers/STM32U5xx_HAL_Driver/Src/stm32u5xx_hal_i2c.o
LOAD ./Drivers/STM32U5xx_HAL_Driver/Src/stm32u5xx_hal_i2c_ex.o
LOAD ./Drivers/STM32U5xx_HAL_Driver/Src/stm32u5xx_hal_icache.o
LOAD ./Drivers/STM32U5xx_HAL_Driver/Src/stm32u5xx_hal_pwr.o
LOAD ./Drivers/STM32U5xx_HAL_Driver/Src/stm32u5xx_hal_pwr_ex.o
LOAD ./Drivers/STM32U5xx_HAL_Driver/Src/stm32u5xx_hal_rcc.o
LOAD ./Drivers/STM32U5xx_HAL_Driver/Src/stm32u5xx_hal_rcc_ex.o
LOAD ./Drivers/STM32U5xx_HAL_Driver/Src/stm32u5xx_hal_tim.o
LOAD ./Drivers/STM32U5xx_HAL_Driver/Src/stm32u5xx_hal_tim_ex.o
START GROUP
LOAD /usr/lib/gcc/arm-none-eabi/13.2.1/../../../arm-none-eabi/lib/thumb/v8-m.main+fp/hard/libc_nano.a
LOAD /usr/lib/gcc/arm-none-eabi/13.2.1/../../../arm-none-eabi/lib/thumb/v8-m.main+fp/hard/libm.a
END GROUP
START GROUP
LOAD /usr/lib/gcc/arm-none-eabi/13.2.1/thumb/v8-m.main+fp/hard/libgcc.a
LOAD /usr/lib/gcc/arm-none-eabi/13.2.1/../../../arm-none-eabi/lib/thumb/v8-m.main+fp/hard/libc_nano.a
END GROUP
START GROUP
LOAD /usr/lib/gcc/arm-none-eabi/13.2.1/thumb/v8-m.main+fp/hard/libgcc.a
LOAD /usr/lib/gcc/arm-none-eabi/13.2.1/../../../arm-none-eabi/lib/thumb/v8-m.main+fp/hard/libc_nano.a
LOAD /usr/lib/gcc/arm-none-eabi/13.2.1/../../../arm-none-eabi/lib/thumb/v8-m.main+fp/hard/libnosys.a
END GROUP
START GROUP
LOAD /usr/lib/gcc/arm-none-eabi/13.2.1/thumb/v8-m.main+fp/hard/libgcc.a
LOAD /usr/lib/gcc/arm-none-eabi/13.2.1/../../../arm-none-eabi/lib/thumb/v8-m.main+fp/hard/libc_nano.a
LOAD /usr/lib/gcc/arm-none-eabi/13.2.1/../../../arm-none-eabi/lib/thumb/v8-m.main+fp/hard/libnosys.a
END GROUP
LOAD /usr/lib/gcc/arm-none-eabi/13.2.1/thumb/v8-m.main+fp/hard/crtend.o
LOAD /usr/lib/gcc/arm-none-eabi/13.2.1/thumb/v8-m.main+fp/hard/crtn.o
                0x200c0000                        _estack = (ORIGIN (RAM) + LENGTH (RAM))
                0x00000200                        _Min_Heap_Size = 0x200
                0x00000400                        _Min_Stack_Size = 0x400

.isr_vector     0x08000000      0x238
 *(.isr_vector)
 .isr_vector    0x08000000      0x238 ./Core/Startup/startup_stm32u575zitxq.o
                0x08000000                g_pfnVectors

.text           0x08000238     0x1868
 *(.text)
 .text          0x08000238       0x8c /usr/lib/gcc/arm-none-eabi/13.2.1/thumb/v8-m.main+fp/hard/crtbegin.o
 .text          0x080002c4       0x50 /usr/lib/gcc/arm-none-eabi/13.2.1/../../../arm-none-eabi/lib/thumb/v8-m.main+fp/hard/libc_nano.a(libc_a-init.o)
                0x080002c4                __libc_init_array
 .text          0x08000314       0xa4 /usr/lib/gcc/arm-none-eabi/13.2.1/../../../arm-none-eabi/lib/thumb/v8-m.main+fp/hard/libc_nano.a(libc_a-memset.o)
                0x08000314                memset
 *(.text*)
 .text.SystemClock_Config
                0x080003b8       0x98 ./Core/Src/main.o
                0x080003b8                SystemClock_Config
 .text.startup.main
                0x08000450       0x78 ./Core/Src/main.o
                0x08000450                main
 .text.HAL_MspInit
                0x080004c8       0x24 ./Core/Src/stm32u5xx_hal_msp.o
                0x080004c8                HAL_MspInit
 .text.NMI_Handler
                0x080004ec        0x4 ./Core/Src/stm32u5xx_it.o
                0x080004ec                NMI_Handler
 .text.HardFault_Handler
                0x080004f0        0x4 ./Core/Src/stm32u5xx_it.o
                0x080004f0                HardFault_Handler
 .text.MemManage_Handler
                0x080004f4        0x4 ./Core/Src/stm32u5xx_it.o
                0x080004f4                MemManage_Handler
 .text.BusFault_Handler
                0x080004f8        0x4 ./Core/Src/stm32u5xx_it.o
                0x080004f8                BusFault_Handler
 .text.UsageFault_Handler
                0x080004fc        0x4 ./Core/Src/stm32u5xx_it.o
                0x080004fc                UsageFault_Handler
 .text.SVC_Handler
                0x08000500        0x4 ./Core/Src/stm32u5xx_it.o
                0x08000500                SVC_Handler
 .text.DebugMon_Handler
                0x08000504        0x4 ./Core/Src/stm32u5xx_it.o
                0x08000504                DebugMon_Handler
 .text.PendSV_Handler
                0x08000508        0x4 ./Core/Src/stm32u5xx_it.o
                0x08000508                PendSV_Handler
 .text.SysTick_Handler
                0x0800050c        0x4 ./Core/Src/stm32u5xx_it.o
                0x0800050c                SysTick_Handler
 .text.SystemInit
                0x08000510       0x4c ./Core/Src/system_stm32u5xx.o
                0x08000510                SystemInit
 .text.Reset_Handler
                0x0800055c       0x50 ./Core/Startup/startup_stm32u575zitxq.o
                0x0800055c                Reset_Handler
 .text.Default_Handler
                0x080005ac        0x2 ./Core/Startup/startup_stm32u575zitxq.o
                0x080005ac                EXTI2_IRQHandler
                0x080005ac                TIM8_TRG_COM_IRQHandler
                0x080005ac                TIM8_CC_IRQHandler
                0x080005ac                EXTI5_IRQHandler
                0x080005ac                FLASH_S_IRQHandler
                0x080005ac                EXTI13_IRQHandler
                0x080005ac                TIM1_CC_IRQHandler
                0x080005ac                TSC_IRQHandler
                0x080005ac                TAMP_IRQHandler
                0x080005ac                TIM6_IRQHandler
                0x080005ac                EXTI12_IRQHandler
                0x080005ac                CORDIC_IRQHandler
                0x080005ac                EXTI3_IRQHandler
                0x080005ac                LPTIM4_IRQHandler
                0x080005ac                GPDMA1_Channel5_IRQHandler
                0x080005ac                EXTI8_IRQHandler
                0x080005ac                LPTIM2_IRQHandler
                0x080005ac                I2C3_ER_IRQHandler
                0x080005ac                PWR_S3WU_IRQHandler
                0x080005ac                MDF1_FLT2_IRQHandler
                0x080005ac                LPDMA1_Channel3_IRQHandler
                0x080005ac                LPTIM3_IRQHandler
                0x080005ac                EXTI0_IRQHandler
                0x080005ac                I2C2_EV_IRQHandler
                0x080005ac                FPU_IRQHandler
                0x080005ac                GPDMA1_Channel3_IRQHandler
                0x080005ac                GPDMA1_Channel7_IRQHandler
                0x080005ac                MDF1_FLT4_IRQHandler
                0x080005ac                FDCAN1_IT1_IRQHandler
                0x080005ac                RAMCFG_IRQHandler
                0x080005ac                GPDMA1_Channel9_IRQHandler
                0x080005ac                DCACHE1_IRQHandler
                0x080005ac                SPI1_IRQHandler
                0x080005ac                OCTOSPI1_IRQHandler
                0x080005ac                GPDMA1_Channel2_IRQHandler
                0x080005ac                TIM8_UP_IRQHandler
                0x080005ac                RCC_S_IRQHandler
                0x080005ac                OCTOSPI2_IRQHandler
                0x080005ac                SAI2_IRQHandler
                0x080005ac                MDF1_FLT1_IRQHandler
                0x080005ac                ADC1_IRQHandler
                0x080005ac                MDF1_FLT5_IRQHandler
                0x080005ac                EXTI15_IRQHandler
                0x080005ac                TIM17_IRQHandler
                0x080005ac                USART3_IRQHandler
                0x080005ac                RTC_IRQHandler
                0x080005ac                EXTI9_IRQHandler
                0x080005ac                UART5_IRQHandler
                0x080005ac                TIM4_IRQHandler
                0x080005ac                I2C1_EV_IRQHandler
                0x080005ac                GPDMA1_Channel12_IRQHandler
                0x080005ac                GPDMA1_Channel1_IRQHandler
                0x080005ac                TIM16_IRQHandler
                0x080005ac                GPDMA1_Channel15_IRQHandler
                0x080005ac                UART4_IRQHandler
                0x080005ac                SecureFault_Handler
                0x080005ac                TIM3_IRQHandler
                0x080005ac                RCC_IRQHandler
                0x080005ac                TIM1_TRG_COM_IRQHandler
                0x080005ac                Default_Handler
                0x080005ac                GPDMA1_Channel8_IRQHandler
                0x080005ac                FMAC_IRQHandler
                0x080005ac                GPDMA1_Channel11_IRQHandler
                0x080005ac                TIM7_IRQHandler
                0x080005ac                SDMMC1_IRQHandler
                0x080005ac                TIM5_IRQHandler
                0x080005ac                UCPD1_IRQHandler
                0x080005ac                GPDMA1_Channel0_IRQHandler
                0x080005ac                TIM15_IRQHandler
                0x080005ac                I2C3_EV_IRQHandler
                0x080005ac                LPDMA1_Channel0_IRQHandler
                0x080005ac                PVD_PVM_IRQHandler
                0x080005ac                SPI2_IRQHandler
                0x080005ac                LPDMA1_Channel1_IRQHandler
                0x080005ac                EXTI14_IRQHandler
                0x080005ac                EXTI11_IRQHandler
                0x080005ac                CRS_IRQHandler
                0x080005ac                GPDMA1_Channel14_IRQHandler
                0x080005ac                LSECSSD_IRQHandler
                0x080005ac                EXTI4_IRQHandler
                0x080005ac                RTC_S_IRQHandler
                0x080005ac                GPDMA1_Channel13_IRQHandler
                0x080005ac                RNG_IRQHandler
                0x080005ac                COMP_IRQHandler
                0x080005ac                TIM1_UP_IRQHandler
                0x080005ac                ADC4_IRQHandler
                0x080005ac                WWDG_IRQHandler
                0x080005ac                I2C4_EV_IRQHandler
                0x080005ac                ADF1_IRQHandler
                0x080005ac                IWDG_IRQHandler
                0x080005ac                LPUART1_IRQHandler
                0x080005ac                MDF1_FLT0_IRQHandler
                0x080005ac                FDCAN1_IT0_IRQHandler
                0x080005ac                TIM2_IRQHandler
                0x080005ac                GPDMA1_Channel4_IRQHandler
                0x080005ac                EXTI7_IRQHandler
                0x080005ac                DMA2D_IRQHandler
                0x080005ac                TIM1_BRK_IRQHandler
                0x080005ac                EXTI1_IRQHandler
                0x080005ac                SDMMC2_IRQHandler
                0x080005ac                DAC1_IRQHandler
                0x080005ac                GTZC_IRQHandler
                0x080005ac                MDF1_FLT3_IRQHandler
                0x080005ac                USART2_IRQHandler
                0x080005ac                GPDMA1_Channel6_IRQHandler
                0x080005ac                I2C2_ER_IRQHandler
                0x080005ac                TIM8_BRK_IRQHandler
                0x080005ac                FLASH_IRQHandler
                0x080005ac                USART1_IRQHandler
                0x080005ac                EXTI10_IRQHandler
                0x080005ac                OTG_FS_IRQHandler
                0x080005ac                SPI3_IRQHandler
                0x080005ac                LPDMA1_Channel2_IRQHandler
                0x080005ac                I2C1_ER_IRQHandler
                0x080005ac                FMC_IRQHandler
                0x080005ac                EXTI6_IRQHandler
                0x080005ac                LPTIM1_IRQHandler
                0x080005ac                DCMI_PSSI_IRQHandler
                0x080005ac                I2C4_ER_IRQHandler
                0x080005ac                GPDMA1_Channel10_IRQHandler
                0x080005ac                ICACHE_IRQHandler
                0x080005ac                SAI1_IRQHandler
                0x080005ac                HASH_IRQHandler
 *fill*         0x080005ae        0x2 
 .text.HAL_InitTick
                0x080005b0       0xa0 ./Drivers/STM32U5xx_HAL_Driver/Src/stm32u5xx_hal.o
                0x080005b0                HAL_InitTick
 .text.HAL_Init
                0x08000650       0x58 ./Drivers/STM32U5xx_HAL_Driver/Src/stm32u5xx_hal.o
                0x08000650                HAL_Init
 .text.HAL_IncTick
                0x080006a8       0x18 ./Drivers/STM32U5xx_HAL_Driver/Src/stm32u5xx_hal.o
                0x080006a8                HAL_IncTick
 .text.HAL_GetTick
                0x080006c0        0xc ./Drivers/STM32U5xx_HAL_Driver/Src/stm32u5xx_hal.o
                0x080006c0                HAL_GetTick
 .text.HAL_NVIC_SetPriorityGrouping
                0x080006cc       0x24 ./Drivers/STM32U5xx_HAL_Driver/Src/stm32u5xx_hal_cortex.o
                0x080006cc                HAL_NVIC_SetPriorityGrouping
 .text.HAL_NVIC_SetPriority
                0x080006f0       0x78 ./Drivers/STM32U5xx_HAL_Driver/Src/stm32u5xx_hal_cortex.o
                0x080006f0                HAL_NVIC_SetPriority
 .text.HAL_SYSTICK_Config
                0x08000768       0x20 ./Drivers/STM32U5xx_HAL_Driver/Src/stm32u5xx_hal_cortex.o
                0x08000768                HAL_SYSTICK_Config
 .text.HAL_SYSTICK_CLKSourceConfig
                0x08000788       0x7c ./Drivers/STM32U5xx_HAL_Driver/Src/stm32u5xx_hal_cortex.o
                0x08000788                HAL_SYSTICK_CLKSourceConfig
 .text.HAL_SYSTICK_GetCLKSourceConfig
                0x08000804       0x34 ./Drivers/STM32U5xx_HAL_Driver/Src/stm32u5xx_hal_cortex.o
                0x08000804                HAL_SYSTICK_GetCLKSourceConfig
 .text.HAL_GPIO_Init
                0x08000838      0x314 ./Drivers/STM32U5xx_HAL_Driver/Src/stm32u5xx_hal_gpio.o
                0x08000838                HAL_GPIO_Init
 .text.HAL_GPIO_WritePin
                0x08000b4c        0xc ./Drivers/STM32U5xx_HAL_Driver/Src/stm32u5xx_hal_gpio.o
                0x08000b4c                HAL_GPIO_WritePin
 .text.HAL_ICACHE_Enable
                0x08000b58       0x14 ./Drivers/STM32U5xx_HAL_Driver/Src/stm32u5xx_hal_icache.o
                0x08000b58                HAL_ICACHE_Enable
 .text.HAL_PWREx_ControlVoltageScaling
                0x08000b6c       0x94 ./Drivers/STM32U5xx_HAL_Driver/Src/stm32u5xx_hal_pwr_ex.o
                0x08000b6c                HAL_PWREx_ControlVoltageScaling
 .text.HAL_PWREx_GetVoltageRange
                0x08000c00       0x10 ./Drivers/STM32U5xx_HAL_Driver/Src/stm32u5xx_hal_pwr_ex.o
                0x08000c00                HAL_PWREx_GetVoltageRange
 .text.RCC_SetFlashLatencyFromMSIRange
                0x08000c10       0xbc ./Drivers/STM32U5xx_HAL_Driver/Src/stm32u5xx_hal_rcc.o
 .text.HAL_RCC_GetSysClockFreq
                0x08000ccc      0x11c ./Drivers/STM32U5xx_HAL_Driver/Src/stm32u5xx_hal_rcc.o
                0x08000ccc                HAL_RCC_GetSysClockFreq
 .text.HAL_RCC_ClockConfig
                0x08000de8      0x2cc ./Drivers/STM32U5xx_HAL_Driver/Src/stm32u5xx_hal_rcc.o
                0x08000de8                HAL_RCC_ClockConfig
 .text.HAL_RCC_OscConfig
                0x080010b4      0x9d4 ./Drivers/STM32U5xx_HAL_Driver/Src/stm32u5xx_hal_rcc.o
                0x080010b4                HAL_RCC_OscConfig
 *(.glue_7)
 .glue_7        0x08001a88        0x0 linker stubs
 *(.glue_7t)
 .glue_7t       0x08001a88        0x0 linker stubs
 *(.eh_frame)
 .eh_frame      0x08001a88        0x0 /usr/lib/gcc/arm-none-eabi/13.2.1/thumb/v8-m.main+fp/hard/crtbegin.o
 *(.init)
 .init          0x08001a88        0x4 /usr/lib/gcc/arm-none-eabi/13.2.1/thumb/v8-m.main+fp/hard/crti.o
                0x08001a88                _init
 .init          0x08001a8c        0x8 /usr/lib/gcc/arm-none-eabi/13.2.1/thumb/v8-m.main+fp/hard/crtn.o
 *(.fini)
 .fini          0x08001a94        0x4 /usr/lib/gcc/arm-none-eabi/13.2.1/thumb/v8-m.main+fp/hard/crti.o
                0x08001a94                _fini
 .fini          0x08001a98        0x8 /usr/lib/gcc/arm-none-eabi/13.2.1/thumb/v8-m.main+fp/hard/crtn.o
                0x08001aa0                        _etext = .

.vfp11_veneer   0x08001aa0        0x0
 .vfp11_veneer  0x08001aa0        0x0 linker stubs

.v4_bx          0x08001aa0        0x0
 .v4_bx         0x08001aa0        0x0 linker stubs

.iplt           0x08001aa0        0x0
 .iplt          0x08001aa0        0x0 /usr/lib/gcc/arm-none-eabi/13.2.1/thumb/v8-m.main+fp/hard/crtbegin.o

.rodata         0x08001aa0       0xd0
 *(.rodata)
 *(.rodata*)
 .rodata.MSIRangeTable
                0x08001aa0       0x40 ./Core/Src/system_stm32u5xx.o
                0x08001aa0                MSIRangeTable
 .rodata.AHBPrescTable
                0x08001ae0       0x10 ./Core/Src/system_stm32u5xx.o
                0x08001ae0                AHBPrescTable
 .rodata.LPGPIO_Map
                0x08001af0       0x80 ./Drivers/STM32U5xx_HAL_Driver/Src/stm32u5xx_hal_gpio.o

.ARM.extab
 *(.ARM.extab* .gnu.linkonce.armextab.*)

.ARM            0x08001b70        0x0
                0x08001b70                        __exidx_start = .
 *(.ARM.exidx*)
                0x08001b70                        __exidx_end = .

.preinit_array  0x08001b70        0x0
                0x08001b70                        PROVIDE (__preinit_array_start = .)
 *(.preinit_array*)
                0x08001b70                        PROVIDE (__preinit_array_end = .)

.init_array     0x08001b70        0x4
                0x08001b70                        PROVIDE (__init_array_start = .)
 *(SORT_BY_NAME(.init_array.*))
 *(.init_array*)
 .init_array    0x08001b70        0x4 /usr/lib/gcc/arm-none-eabi/13.2.1/thumb/v8-m.main+fp/hard/crtbegin.o
                0x08001b74                        PROVIDE (__init_array_end = .)

.fini_array     0x08001b74        0x4
                0x08001b74                        PROVIDE (__fini_array_start = .)
 *(SORT_BY_NAME(.fini_array.*))
 *(.fini_array*)
 .fini_array    0x08001b74        0x4 /usr/lib/gcc/arm-none-eabi/13.2.1/thumb/v8-m.main+fp/hard/crtbegin.o
                0x08001b78                        PROVIDE (__fini_array_end = .)
                0x08001b78                        _sidata = LOADADDR (.data)

.rel.dyn        0x08001b78        0x0
 .rel.iplt      0x08001b78        0x0 /usr/lib/gcc/arm-none-eabi/13.2.1/thumb/v8-m.main+fp/hard/crtbegin.o

.data           0x20000000        0xc load address 0x08001b78
                0x20000000                        _sdata = .
 *(.data)
 *(.data*)
 .data.SystemCoreClock
                0x20000000        0x4 ./Core/Src/system_stm32u5xx.o
                0x20000000                SystemCoreClock
 .data.uwTickFreq
                0x20000004        0x1 ./Drivers/STM32U5xx_HAL_Driver/Src/stm32u5xx_hal.o
                0x20000004                uwTickFreq
 *fill*         0x20000005        0x3 
 .data.uwTickPrio
                0x20000008        0x4 ./Drivers/STM32U5xx_HAL_Driver/Src/stm32u5xx_hal.o
                0x20000008                uwTickPrio
 *(.RamFunc)
 *(.RamFunc*)
                0x2000000c                        _edata = .

.tm_clone_table
                0x2000000c        0x0 load address 0x08001b84
 .tm_clone_table
                0x2000000c        0x0 /usr/lib/gcc/arm-none-eabi/13.2.1/thumb/v8-m.main+fp/hard/crtbegin.o
 .tm_clone_table
                0x2000000c        0x0 /usr/lib/gcc/arm-none-eabi/13.2.1/thumb/v8-m.main+fp/hard/crtend.o

.igot.plt       0x2000000c        0x0 load address 0x08001b84
 .igot.plt      0x2000000c        0x0 /usr/lib/gcc/arm-none-eabi/13.2.1/thumb/v8-m.main+fp/hard/crtbegin.o

.bss            0x2000000c       0x20 load address 0x08001b84
                0x2000000c                        _sbss = .
                0x2000000c                        __bss_start__ = _sbss
 *(.bss)
 .bss           0x2000000c       0x1c /usr/lib/gcc/arm-none-eabi/13.2.1/thumb/v8-m.main+fp/hard/crtbegin.o
 *(.bss*)
 .bss.uwTick    0x20000028        0x4 ./Drivers/STM32U5xx_HAL_Driver/Src/stm32u5xx_hal.o
                0x20000028                uwTick
 *(COMMON)
                0x2000002c                        _ebss = .
                0x2000002c                        __bss_end__ = _ebss

._user_heap_stack
                0x2000002c      0x604 load address 0x08001b84
                0x20000030                        . = ALIGN (0x8)
 *fill*         0x2000002c        0x4 
                [!provide]                        PROVIDE (end = .)
                0x20000030                        PROVIDE (_end = .)
                0x20000230                        . = (. + _Min_Heap_Size)
 *fill*         0x20000030      0x200 
                0x20000630                        . = (. + _Min_Stack_Size)
 *fill*         0x20000230      0x400 
                0x20000630                        . = ALIGN (0x8)

/DISCARD/
 libc.a(*)
 libm.a(*)
 libgcc.a(*)

.ARM.attributes
                0x00000000       0x36
 *(.ARM.attributes)
 .ARM.attributes
                0x00000000       0x26 /usr/lib/gcc/arm-none-eabi/13.2.1/thumb/v8-m.main+fp/hard/crti.o
 .ARM.attributes
                0x00000026       0x38 /usr/lib/gcc/arm-none-eabi/13.2.1/thumb/v8-m.main+fp/hard/crtbegin.o
 .ARM.attributes
                0x0000005e       0x36 ./Core/Src/main.o
 .ARM.attributes
                0x00000094       0x36 ./Core/Src/stm32u5xx_hal_msp.o
 .ARM.attributes
                0x000000ca       0x36 ./Core/Src/stm32u5xx_it.o
 .ARM.attributes
                0x00000100       0x36 ./Core/Src/system_stm32u5xx.o
 .ARM.attributes
                0x00000136       0x24 ./Core/Startup/startup_stm32u575zitxq.o
 .ARM.attributes
                0x0000015a       0x36 ./Drivers/STM32U5xx_HAL_Driver/Src/stm32u5xx_hal.o
 .ARM.attributes
                0x00000190       0x36 ./Drivers/STM32U5xx_HAL_Driver/Src/stm32u5xx_hal_cortex.o
 .ARM.attributes
                0x000001c6       0x36 ./Drivers/STM32U5xx_HAL_Driver/Src/stm32u5xx_hal_gpio.o
 .ARM.attributes
                0x000001fc       0x36 ./Drivers/STM32U5xx_HAL_Driver/Src/stm32u5xx_hal_icache.o
 .ARM.attributes
                0x00000232       0x36 ./Drivers/STM32U5xx_HAL_Driver/Src/stm32u5xx_hal_pwr_ex.o
 .ARM.attributes
                0x00000268       0x36 ./Drivers/STM32U5xx_HAL_Driver/Src/stm32u5xx_hal_rcc.o
 .ARM.attributes
                0x0000029e       0x38 /usr/lib/gcc/arm-none-eabi/13.2.1/../../../arm-none-eabi/lib/thumb/v8-m.main+fp/hard/libc_nano.a(libc_a-init.o)
 .ARM.attributes
                0x000002d6       0x38 /usr/lib/gcc/arm-none-eabi/13.2.1/../../../arm-none-eabi/lib/thumb/v8-m.main+fp/hard/libc_nano.a(libc_a-memset.o)
 .ARM.attributes
                0x0000030e       0x38 /usr/lib/gcc/arm-none-eabi/13.2.1/thumb/v8-m.main+fp/hard/crtend.o
 .ARM.attributes
                0x00000346       0x26 /usr/lib/gcc/arm-none-eabi/13.2.1/thumb/v8-m.main+fp/hard/crtn.o
OUTPUT(pin-toggle-fast-raw.elf elf32-littlearm)
LOAD linker stubs
LOAD /usr/lib/gcc/arm-none-eabi/13.2.1/../../../arm-none-eabi/lib/thumb/v8-m.main+fp/hard/libc.a
LOAD /usr/lib/gcc/arm-none-eabi/13.2.1/../../../arm-none-eabi/lib/thumb/v8-m.main+fp/hard/libm.a
LOAD /usr/lib/gcc/arm-none-eabi/13.2.1/thumb/v8-m.main+fp/hard/libgcc.a

.comment        0x00000000       0x26
 .comment       0x00000000       0x26 /usr/lib/gcc/arm-none-eabi/13.2.1/thumb/v8-m.main+fp/hard/crtbegin.o
                                 0x27 (size before relaxing)
 .comment       0x00000026       0x27 ./Core/Src/main.o
 .comment       0x00000026       0x27 ./Core/Src/stm32u5xx_hal_msp.o
 .comment       0x00000026       0x27 ./Core/Src/stm32u5xx_it.o
 .comment       0x00000026       0x27 ./Core/Src/system_stm32u5xx.o
 .comment       0x00000026       0x27 ./Drivers/STM32U5xx_HAL_Driver/Src/stm32u5xx_hal.o
 .comment       0x00000026       0x27 ./Drivers/STM32U5xx_HAL_Driver/Src/stm32u5xx_hal_cortex.o
 .comment       0x00000026       0x27 ./Drivers/STM32U5xx_HAL_Driver/Src/stm32u5xx_hal_gpio.o
 .comment       0x00000026       0x27 ./Drivers/STM32U5xx_HAL_Driver/Src/stm32u5xx_hal_icache.o
 .comment       0x00000026       0x27 ./Drivers/STM32U5xx_HAL_Driver/Src/stm32u5xx_hal_pwr_ex.o
 .comment       0x00000026       0x27 ./Drivers/STM32U5xx_HAL_Driver/Src/stm32u5xx_hal_rcc.o
 .comment       0x00000026       0x27 /usr/lib/gcc/arm-none-eabi/13.2.1/../../../arm-none-eabi/lib/thumb/v8-m.main+fp/hard/libc_nano.a(libc_a-init.o)
 .comment       0x00000026       0x27 /usr/lib/gcc/arm-none-eabi/13.2.1/../../../arm-none-eabi/lib/thumb/v8-m.main+fp/hard/libc_nano.a(libc_a-memset.o)
 .comment       0x00000026       0x27 /usr/lib/gcc/arm-none-eabi/13.2.1/thumb/v8-m.main+fp/hard/crtend.o

.debug_info     0x00000000      0x240
 .debug_info    0x00000000      0x10b /usr/lib/gcc/arm-none-eabi/13.2.1/../../../arm-none-eabi/lib/thumb/v8-m.main+fp/hard/libc_nano.a(libc_a-init.o)
 .debug_info    0x0000010b      0x135 /usr/lib/gcc/arm-none-eabi/13.2.1/../../../arm-none-eabi/lib/thumb/v8-m.main+fp/hard/libc_nano.a(libc_a-memset.o)

.debug_abbrev   0x00000000      0x180
 .debug_abbrev  0x00000000       0xc9 /usr/lib/gcc/arm-none-eabi/13.2.1/../../../arm-none-eabi/lib/thumb/v8-m.main+fp/hard/libc_nano.a(libc_a-init.o)
 .debug_abbrev  0x000000c9       0xb7 /usr/lib/gcc/arm-none-eabi/13.2.1/../../../arm-none-eabi/lib/thumb/v8-m.main+fp/hard/libc_nano.a(libc_a-memset.o)

.debug_loclists
                0x00000000      0x227
 .debug_loclists
                0x00000000       0x65 /usr/lib/gcc/arm-none-eabi/13.2.1/../../../arm-none-eabi/lib/thumb/v8-m.main+fp/hard/libc_nano.a(libc_a-init.o)
 .debug_loclists
                0x00000065      0x1c2 /usr/lib/gcc/arm-none-eabi/13.2.1/../../../arm-none-eabi/lib/thumb/v8-m.main+fp/hard/libc_nano.a(libc_a-memset.o)

.debug_aranges  0x00000000       0x40
 .debug_aranges
                0x00000000       0x20 /usr/lib/gcc/arm-none-eabi/13.2.1/../../../arm-none-eabi/lib/thumb/v8-m.main+fp/hard/libc_nano.a(libc_a-init.o)
 .debug_aranges
                0x00000020       0x20 /usr/lib/gcc/arm-none-eabi/13.2.1/../../../arm-none-eabi/lib/thumb/v8-m.main+fp/hard/libc_nano.a(libc_a-memset.o)

.debug_line     0x00000000      0x2df
 .debug_line    0x00000000      0x129 /usr/lib/gcc/arm-none-eabi/13.2.1/../../../arm-none-eabi/lib/thumb/v8-m.main+fp/hard/libc_nano.a(libc_a-init.o)
 .debug_line    0x00000129      0x1b6 /usr/lib/gcc/arm-none-eabi/13.2.1/../../../arm-none-eabi/lib/thumb/v8-m.main+fp/hard/libc_nano.a(libc_a-memset.o)

.debug_str      0x00000000      0x212
 .debug_str     0x00000000      0x212 /usr/lib/gcc/arm-none-eabi/13.2.1/../../../arm-none-eabi/lib/thumb/v8-m.main+fp/hard/libc_nano.a(libc_a-init.o)
                                0x202 (size before relaxing)
 .debug_str     0x00000212      0x1b5 /usr/lib/gcc/arm-none-eabi/13.2.1/../../../arm-none-eabi/lib/thumb/v8-m.main+fp/hard/libc_nano.a(libc_a-memset.o)

.debug_frame    0x00000000       0x58
 .debug_frame   0x00000000       0x2c /usr/lib/gcc/arm-none-eabi/13.2.1/../../../arm-none-eabi/lib/thumb/v8-m.main+fp/hard/libc_nano.a(libc_a-init.o)
 .debug_frame   0x0000002c       0x2c /usr/lib/gcc/arm-none-eabi/13.2.1/../../../arm-none-eabi/lib/thumb/v8-m.main+fp/hard/libc_nano.a(libc_a-memset.o)
