../Core/Src/stm32u5xx_it.c:69:6:NMI_Handler	0	static
../Core/Src/stm32u5xx_it.c:82:6:HardFault_Handler	0	static
../Core/Src/stm32u5xx_it.c:95:6:MemManage_Handler	0	static
../Core/Src/stm32u5xx_it.c:108:6:BusFault_Handler	0	static
../Core/Src/stm32u5xx_it.c:121:6:UsageFault_Handler	0	static
../Core/Src/stm32u5xx_it.c:134:6:SVC_Handler	0	static
../Core/Src/stm32u5xx_it.c:146:6:DebugMon_Handler	0	static
../Core/Src/stm32u5xx_it.c:158:6:PendSV_Handler	0	static
../Core/Src/stm32u5xx_it.c:170:6:SysTick_Handler	0	static
../Core/Src/stm32u5xx_it.c:190:6:EXTI13_IRQHandler	8	static
