../Drivers/STM32U5xx_HAL_Driver/Inc/stm32u5xx_ll_rcc.h:3890:22:LL_RCC_PLL1_ConfigDomain_SYS	12	static
../Drivers/STM32U5xx_HAL_Driver/Src/stm32u5xx_ll_utils.c:757:20:UTILS_PLL_IsBusy	0	static
../Drivers/STM32U5xx_HAL_Driver/Src/stm32u5xx_ll_utils.c:171:6:LL_Init1msTick	0	static
../Drivers/STM32U5xx_HAL_Driver/Src/stm32u5xx_ll_utils.c:185:6:LL_Init1msTick_HCLK_Div8	0	static
../Drivers/STM32U5xx_HAL_Driver/Src/stm32u5xx_ll_utils.c:200:6:LL_Init1msTick_LSE	0	static
../Drivers/STM32U5xx_HAL_Driver/Src/stm32u5xx_ll_utils.c:214:6:LL_Init1msTick_LSI	0	static
../Drivers/STM32U5xx_HAL_Driver/Src/stm32u5xx_ll_utils.c:233:6:LL_mDelay	8	static
../Drivers/STM32U5xx_HAL_Driver/Src/stm32u5xx_ll_utils.c:305:6:LL_SetSystemCoreClock	0	static
../Drivers/STM32U5xx_HAL_Driver/Src/stm32u5xx_ll_utils.c:319:13:LL_SetFlashLatency	0	static
../Drivers/STM32U5xx_HAL_Driver/Src/stm32u5xx_ll_utils.c:794:20:UTILS_EnablePLLAndSwitchSystem	16	static
../Drivers/STM32U5xx_HAL_Driver/Src/stm32u5xx_ll_utils.c:483:13:LL_PLL_ConfigSystemClock_MSI	16	static
../Drivers/STM32U5xx_HAL_Driver/Src/stm32u5xx_ll_utils.c:594:13:LL_PLL_ConfigSystemClock_HSI	16	static
../Drivers/STM32U5xx_HAL_Driver/Src/stm32u5xx_ll_utils.c:653:13:LL_PLL_ConfigSystemClock_HSE	24	static
